# Map Name
Three ways to cross
# Map Dimensions W x H
128 128
# Map Terrain Data
gggggggggdRRddddRRRdRRRdggggggggGGGgGGGGGgggggFFgFFFFFFFFFFgggggGGGGgGGGGGggFFFFFFgggggGGGGGGGGgdRRRRRRRRRRRRRdgggggggggggdRRRRRR
gggggggggdRRRRddRRRRRRRdggggggggGGGGGGGGGgggggFFFFFFFFFFFFFFFgggGGGGGGGGGGgggFFFFFFFgggGGGGGGGGgdRRRRRddRRRRRRdggggddgggggdRRRRRR
gggggggggdddRddddRRRRRddggggggggGGGGGGGGggggggggFFFFFFFFFFgFgggggGGGGGGGGggggggggFFFFFggGGGGGGggddRRRddddRRRdddgdddddddgggdddRRRR
gggggggggggdddddddRRRRdgddddgggggGGGGGGGgGGggggFFFFFFFgggFFgggggggggGGGGGGgggggggggFFggggGGGGggggddRRddddRdddggddwwwdddgggggdddRR
gggggggggddggggddddRRRddddRdddggggGGGGGGGGGGggggFggggFFgggFggggGggggGGGGGGGGgggggggggggggggGGGggddddRRddddddgggddwwwwddggggdddddd
ggggggggggdgggggggdRRRRRdRRdddggggGGGGGGGGGGGggggggggggggggggGGGGggGGGGGGGGGGGgggggggggggggGGGGgddgddRRRdddddgggddwwddgggggddRRdg
ggggggggggggddggggddRRRRRdddggggggGGGGGGGGGGGggggggggggggggGGGGGGGGGGGGGGGGGGGGGggggggggggggGGGggggdRRRRRdgddggddddddgggggggdRddg
ggggggggggggdddggggddRRRRdgggdddgggGGGGGGGGGgggggggggggggggGGGGGGGGGGGGGGGGGgGGGggggggggggggGGGggggdRRddRdgggggddggddgggggggddddg
FFgggFgggggggdddddggddRRddgggddddggGGGGGGGGggggggggggggggggggGGggGGGGGGGGGGggggGGggggggggggggGGGgggdRRddddggddddddggggddggggggggg
FFgFFgggggggggdRddgggddddggggggddggGGGGGGgggggggggggggggggggggGggGgGGGGGGGGGggggggggggggggggGGGGGggddRRRdgggddRRdddgggddddggggggg
FFFFFgggggggggdRRddggggddggggggddgggGGGGGggggggddgggggggggggggggggggGGgggGGgggggggggggggggggGGGgggggdRRRdddggdRRRddddddRRddgggggg
FFFFgggggggggdddRddgggggggggddggddgggGGGggggdddddggggggggggFFFFgggggggggggggggggFggggFgggggGGGGgggggddRRRdddgdddRRRddRRdddggggggg
FFFFFFFggggggddRRRdddggggddgddggddgggGGGggdddwwddggggggggFFFFFFFgggggggggggggggFFggggFFgggGGGGGGggGggdddRRddgggdRRRRRRRdggggggggg
FFFFFFFFFgggggddRdRddggddddddgddddggggGGgddwwwwwdgddgggggggFFFFFFggggggggggggggggFFFFFggggGGgggGGGGgggdddddggggddRRRRRddggggggggF
FFFFFFFFFgggggddddRRddddRddddgddddgggggggdwwwwwwdddggggggFFFFFFFFgggggggggggggFFFFFFFFFFggggggggGGGGgdddggggggggddRRRddggggggggFF
FFFFFFFFFFFggggdRRRRRRddRRddddddRddddddggdwwwwwwddggggFFFFFFFggggggggggggggggFFFFFggFFFFgggggFFgGGGGgdddgggGGGgggdddddgggggggggFF
FFFFFFFFFFFFgggddRdRRRRRddddddRRdddRRdddddwwwwwwdgggggFFFFggggdddgggggggggggggFFggggggFFFggggFggGGGgggdddgGGGGGgddgddggggggggggFF
FFggFFFFFFFFgggdddddRRRRRRRRdRRRRRRRRddddwwwwwdddggggFFFgggddddwddddgggggggggggggddddgFFFggFFggGGGGGGggddgGGGGGgddggggggggggggFFF
gggFFFFFFFFFgggggggddRRRRRRRRRRRRRRRddgddwwwwwdddgggFFgggdddwwwwwwwdddgggggggggdddwwdggFFFFFFggGGGGGGGggggGGGGgggggggggggggggFFFF
gggFFFFggggFFgggggggdddRRRRRRRRRRRdddggdwwwwwdddddgggggdddwwwWWWWWwwwddddddggdddwwwwddggFFFFgggggGGggGgggGGGgggggggggGGgggggFFFFF
ggggFFFggggFFFFgggggggddRRRRRRRRRddggggdwwddddggddggggddwwwWWWWWWWWWwdddddddddwwwwwwwddgFFFgggggggGggGGGGGGGGgggGGggGGGgggFFFFFFF
gggggFFggggggFFggGGGgggdddddRRddddggggddddddgggggggggddwwWWWWWWWwwWWwdddddwwwwwwwwwwwwdggFggdddddgggGGGGGGGGGGggGGGGGGgggggFFgFFF
gggggFggggggFFgggGGGGggggggddddgggggggddggddgggggggggdwwWWWWWWWWWwWWwdddddwwwwwwwwwwwwddgggddwwwdddggGGGgGGgGGGGGGGGGgggggggggFFF
gggggggggggggFggGGGGGgggggggggggggggddddgggggggggggggdwWWwWWWWWWWWWWwdddddwWWWWwwwwwwwwddgddwwWwwwdgggGGgggggGGGGGgggggggggggggFF
gggggggggggggggGGGGGGGGGGggggggggggdddgggggggggggggdddwWWWWWWWWWWWWWwdddddwWWWWWWWwwwwwwdddwwWWWWwdddggggFFgggGGGggggFggggggggggg
gggggggggGGggggGGGgGGGGGGGGgggGGGggdddggggggggddgggdwwwwWWWWWWWWWwwwwdddddwwWWWWWWWwwwwwwwwwWWWWWwwwdggggFFgggGGGggFFggggggGGGggg
GGggggggGGGggGGGggggGGgggGGggGGGGggggggGGGggggddgdddwWWwwWWWWwwwwwdddddggddwwWWWWWWWWWWWwWWwWWWWWWWwdgggFFgFFgggggFFFFFggggGGGggg
GGGGGgggGGggGGGGgggggggggggggGGggggggGGGGggggggdddwwwWWWwWWWWWwwddddRRdgggddwwwWWWWwWWWWWWWWWwWWWWWwdgggFFgFggggggFFgFFgggGGGggGG
GGGGGGGGGggGGGggggggggddddggggggggggGGgggggdddddddwWWwWWWWWWWWwddRRRRdddgggddwwWWWWwWWwWWWWWWwwwwWWwdggFFFgggggggFFgggggggGGGGGGG
GGGGGGGGGGGGGGggggggdddRRdddggggddgGGggggdddwwwwwwwWWwwWWWwWWwwddRRRddddgdddddwWWWWwWWWWWwWWWwWWWWWwdggFFgggFFgFFFFggggggGGGGGGGG
GGGGGGGGgGGGgggggggddRRRRRRdgggdddggGggggdwwwWWwWWwWWWWWWWwWwwddRRRddggggdRRddwwwWWwWWWWWWWWWWWWWWwwdggFFggFFFgFFFggggggGGGGGGGGG
gGGGGGGGGGGGgggggdddRRRRRRRddggddggggggdddwWWWWwWWwWWWWWWWwwwddRRRRdgggggdRRdddwwwwWWWWWWWWWWWWwwwwddggFFFFFFFFFFFFFgggGGGGGggGGG
ggGGGGGGGGgggggggdRRRRdRRRRRdddddggggdddwwwWWwWWWWWWwwwwWWWwddRRRRddgggggddRRRddwwwWWWwWWWWWWWWWwdddggFFFFFFFFFFggFggggGGGGGggggG
gggggGGgggggggggddRRRdddRdRRRRddddddddwwwWWwwWWWWWWWwwwwwWWwddRRRRdgggggggdRRRdddwwWWWWWWWWWWWWWwdgggFFFFFFFFFFFgggggGGGGGGGggggg
gggggggggggggggddRRRRdddddddRddddRRddwwwwWWwwWWWWWwwWWwwWWWwdRRRRddgggggggddRRRddwwWWWWWWWWWWWWwwdgggFFFFFFFFFggggggGGGGGGGGGGggg
gggggggggggggggdRRRdddddgggddddddRRddwwwwWWwwWWWwwwwWWWWWWWwddRRRddgggggdddRRRRddwWWWWWWWWWWWWwwddggFFFFggggFFggggGGGGggGGGGGGggg
ggFggggggFgggggdRRddgggddggggdddddRRdwwwwWWwWWWWwWWWWWWWWWWwdddRRRdddggddRRRRRddwwWWwWWWWWwwwwwddgggFFFgggFFgggggGGGggggggGGgggFF
ggFFgggFFFgggggddddggggddggggdddddRRddwwwwwwWWWWWWWWWWWWWWWwwwddRRRRddddRRRRRdddwWWWWWWWWWWwddddgggFFFFggggFgggGGGGGgFFggggggggFF
FFggggFFFgggddggddggddgggggggdddRRRRRdddwwwWWwWWWWWWwWWWWWWWWwwddRRRRddRRRRddddwwWWWWWWWWWWwdggggFFFFFgggggggggGGGGgggFFFFggggFFg
FFggFFFFggggddgdddddddgggggggddddRRRRdddddwwWWWWWWWWWWWWWWWWwWwwdRRRRRRRRRdddwwwWWWWWWWWWwwwdgggFFFFFFggggggGGGGGGGggFFFFFgggFFFF
FFFFFFFFggggggddddddddgggddggggddddRRRRRdddwWWWwWWWWWWWWWWWWwWWwdddRRRRRRdddwwWWWWWWWWWWWwdddgggFFFFgggggggGGGGGGggggFFFFggggFFFF
FFFFFFFFgggggddddRRRdddggddgggggggddRRRRdddwwWWWwWWwWWWWWWWWWWWwwwdRRRRRddwwwWWWWWWWWWWWWwddggFFFFFggggggggGGGGGGggGggFFFFggggFFg
FFFFFFFggggggdddRRRRRRdddggggggggggdddRRRdddwWWWWWWWWWWWWWWWWWWWWwddRRRRddwWWWWWWWWWWWWWWwwdggFFgggggggggggggGGGGGGGgggFFFFFgggFF
FFFFFFggggggggdRRRddRRRRddddgggggddddddRRdddwWWWWWWWWWWWWWWWWWWWWwdddRRddwwWWWWWWWWWWwWWWWwdgggggggggggggFggggggGGGGgggggFFFgggFF
FFFFFFFgggggggdRddddddRRddddggggggdddRRRRRddwWWWWWWWWWWWWWWWWWWWWwwdddddwwWWWWWWWwWWWWWWWWwddddggggggggggFFFFgggGGGGGggggFFgFFFFF
FFFggFgggggggdddddgggddRdgggggggggddddRRRRdwwwwWWWWWWWWWWWWWWWWWWWwwwwwwwWWWWWWWWwWWWWWWWwwwwwdddgdddddggggFFggggggGGGggggggFFFFF
ggggggggggggdddgggggddddddgggddggddRRdRRRddwWWWWWWWWwWWWWWwwWWWWWWWWWWWwWWWWWWWWWWWWWwWWWWWWWwwwdddwwwdddgggFFFFgggggGgggggggFFFF
gggggggGGgggddgggggddwwwwddggddddddRRRRRddwwWWWWWWWWwWWWWWWWWWwWWWWWWWWWWWWWWWWWWWWWWWWWWWWWWWWwwwwwwwwwdddgFFFFFggggGGGggggggggg
ggggggGGGgggggddgggdwwWWwwddddRRRRRdRRRddwwWwWWWWWWWwWWWWWWWWWwwWWWWWWWWwWWWWWWWWWWwWWWWWWWWWWWWWWwwwwwwwwdggFFFFggggGGGGGGgggggg
gggggGGGGgggggdgggddwWWWWwwwddddRRRRRRRddwWWWWWWwWWwwWWWWWWWWWWWwWWWWWWWWWWWWWWWWWWWWWWWwWWWWwWWWWWWWWWWWwdggFFFFFgggggGGGGGggGGG
GGgGGGGGgggggggggddwwWWWWWWwwdddddRRRRddwwWWWWWWWWWWWWWWWWWWWWWWwwWWWwWWWWWWWWWWWWWWWWWWWWWWWwWWWWWWWWWWWwddggFFFFggggggGGGGGGGGG
GGGGGGGggFFggggggddwWWwwwWWWwwwddddRRddwwWWwWWWWWWWWWWWWWWWWWWWWWwwWWWWWWWWWWWWWWWWWWWWWWWWWwWWwWWWWWWWWWwwdggFFFFFggGggGGGGGGGgg
gGGGGGGGgFFFFgggggdwWWWwwWWWWWwwwddddddwWWWwWWWWWWWWWWWWWwWWWWWWWwWWWWWwWWWWWWWWWWWwWWWWWWWWwWWwWWWWWWWWWwwdggFFFFFgggGGGGGGggggg
gGGGGggGgggFFFFgggdwwWWWwWWWWWWWwwddddwwWWwwWWwWWWWWWWWWWWWWWWwWWWWWWWWWWWWWWWWwWWWwWWWWWWWwWWwwWWWWwWWWWwwdggFFFFFggggGGGGgggggg
GGGGGggggggFFFFFggddwWWWWWWWWWWWWwwwwwwWWWwwWWWWWwWWWWWWWWWWWWWWWWWWWWWWWWWWWWwWWWwWWWwwWWWWWWWWWWWWWWWWWwddgFFFFFgggggGGGGggFggg
GGGGGGGggggFFFFFgggdwWWwWWwWWWWWWWWWWWWWWWwWWWWWWWWWWWWWWWWWWWWWWWwWWWWWWWWWWWWwWWwWWwwwwwwwWwWWWWWWWWWwwwdggFFFFgFFgggGGgggFFFFF
GGGGGGgggFFgFFFFgggdwwwWWWWWWWWWWWWWWWWWWWWWWWWWWWWWWWWWWWWWWWWWWWWwWWWWWWWWWWWWWWWWWwwwwwwwwwWWWWWWWWwwdddgFFFFFgFgggGGGgggggFFF
GGGGGgggggFggFFFgggdddwWWWWWWWWWWWWWWWWWWWWWWwWWWWWWWWWWWWWWWWWWWWWWWWWWwWWWWWWWWWWWwwdddddwwwwWWWWWwwwddgggFFFFgggggGggGgggFFFFF
GGGGGGggggggggFFFFgggdwwWWWWWWWWWWwWWWWWWWwWWWwWWWwWWWWWWWWWWWWWWWWWWWWWWwWWWWWWWWWWwddRRddddwwwWWwwwdddgggFFFggggggGGgggggFFFFFF
gGGGGGggggggggFFFFgggddwWWWWWWWWWWWwWWWWWWWWWWwwWWWwwwWWWWWwwWWWWWWWWWWWWWWWWWWwWWWWwddRRRRddddwwwwdddggggFFFFggggggGGgggggFFFFFF
GGGGGGGGggggggFFFFFgggdwWWwwWWWWWWWwwwWWWWWwwwwwwWWwwWWWWWWWWWWWWWWWWWWWWWWWWWWWWWWwwdRRRRRdddddddddgggggggFggggGGGGGGGgggFFFFFFF
GGGGGGGGgggggggFFFFFggdwwWWwwWWwWWWWwWWWwwwwddddwwWWwWWWwwwWWWWWWWWWWWWWWWWWWWWWWwwwddRRRRRRRddddddgggggggggggggGGGGGGGggFFFFFFFF
GGGGGGGGGGggggggFFFFggddwWWwwWWwwwWWWWWwwddddRRddwWWwwWWWwWWWWWWWWWWWWWWwWWWWWWWWWwwdRRRRddRRRdddgggggggddggggGGGggGGggggFFFFFFFF
GGGGGGGGGGGgggggFFFFFggdwwwwWWWWwWWWWWwwdddddRRddwWWwwWWWwWWWWWWWWWWWWWWWWWWWWWWwwwddRRRddddddRdgggddggdddggggGGGggGGggggFFFFFFFg
GGGGGGGGGGGggggggFFFFggdddwWWWWWWWWWWWwddddRRRRddwWWWWWWWwWWwWWWWWWWWWWWWWWWWWWWWwddRRRRdgggddddgggddddddgggggggggGGggggFFFFFFFFF
GGGGGGGGGGGGgggFFFFFFFgggdwWWwWWWWWWWwwddRRRRRRRdwwwWWWwWWWWWWWWWWWWWWWWWWWWwWWwWwdRRRRddgggggggggggddddgggggggggGGGGggggFFFFFFFF
ggGGGGggGGGGggggFgFFFFgggdwwWWWWWWWWWwddRRRRddRRdddwWWWWWWwWWWWWwWWWWWWWWWWWWWWwWwdRRRRddgggggggggdddRRdgggggggGggGGGGGggggFFFFFF
ggGGGGgggGGGGGgggggFFFFggddwWWWWWWWWWwddRRRdRRRRRRdwWWWWWWwWWWWWWWWWWWWWWWWWWWWwWwddRRRRdggggggggddRRdddggggggGGgggGggGgggFFFFFFF
ggggGGGgggGGGGgggggggFFgggdwwWWwWWWWWwdRRRRdRRdRRRdwWWWWWWWWWWWWWWWWWWWWWWWWWWWWwwwdRRRRddggddgggdRRRdgggggddgGGGggGggggggFFgFFFF
ggggggGggggGGGggggggggFFggddwwwwWWWWWwdRRRdddddRRRdwWWWWwwWWWWWWWWWWWWWwWWWWWWWWWwwddRRRRdddddggddRRRdggggdddggGGGGGGGggggggFFgFF
FFgggggggggGGGGgggggFFFggggddddwwwWWwwddRRddggdRRRdwwwWWWWWWWwWWWWWWWWWWWWWWWWWWWWwwdRRRRRddggggdRRRddddggddggggGGGGGGGgggFFgFFFF
FFFggggggGGGGGGGgggggFggggggggdddwwwwdddRRdgggdRRRddwWWWWWwWWWWWWWWWWWWWWWWWWWWWWWwwdRRRRRddggdddRRRdgddddddggggggGGgGGggggFggFFF
FFFggggggggGGGGGGGggggggggggggggddddddRRRddgggdRRRddwWWWwwwWWWWWWWWwWWWWWWWWWWwWWwwddRRRRddgggdRRddddgggdRRddddggggggGGGgggggggFF
FFFFggggggGGGGGGGGgggggggggggggggggdRRRRdddgggddRRRdwwWWWWWWWWWWWWWWWWWWWWWWWWWWWwddRRRRddggggddRdggggdddRRRRRddggggggGGGgggggggg
gFFFFFggggGGGGGGGggggggggggFgggggggdRRdddggddggdRRRddwwwWWWWWwwwWWWWWWWWWWWWWWWwwwddRRRRdgggddddddggggdRRdRRRRRdgddggGGGGGggggggg
gFFFFFgggggGGGGGGgggFggggFFFggggddgddddggggddggddRRRdddwwwWWWWwWWWwWWWWWWWWWWWwwdddRRRRddgggddgggggggdddRdRddRRddddggGGGGGGGGgGGG
ggggFFFFFgggGGGGgggFFFFFFFFggggddddgddddggggggggdRRRRRdddwwwWWwWWwwwwwWWWWWWWWwddRRRRRddddggggggggggddddddRRddRRddggggGggGGGGGGGG
dddggFFFFFggGGggggggFFFFFFFgggdddddgggddggggggggdddRRRRRdddwwwWWWWWwwWWWWWWWWwwdRRRRddddddgggddggdddddgggddddddRRddggggggGGGGGGGg
wwddggggFFgggGggggFFFFFFFFggggdddRdddggggggggggddgdddRRRRRdddwwwWWWWWWWWWWWwwwddRRdddggddddddddddddRdggggggdddddRRdggggggGGGGGGGg
wwwdddgggggggGggFFFFFFFFFggggggddddddggggddddggddgggddRRRRRRdddwwwwwwwwwwwwwdddddddgdggdddRRRddRRdRRdgggggddddddRRdddggGGGGGGGGGG
wwwwwddddgggGGGggFFFFFggggggggddgggggggggdRddggggggggddddRRdddddddddddddddddddgddgggggddRRRRRRRRRRRddddggddddddRRRRRdgggGGGGGGGGG
wwwwwwwwddgggGGggggFFgggggGGggddgggddggggdRRdgggggggggggdddddddddddddddddddddggggggggddRRRRRRRRRRRRdgddggddgggdRRRRRdggggGGGGGGgg
wwwwwwwwwdgggGGGgggggggggGGGggggdddddggdddRRddgggddgggggggdddddddddddddddddddgggddddddRRRRRdddRRRRddggggggggggdddRRdddgggggGGGGgg
wwwwwwwwwddgggGGGGggggGGGGgggdddddRdggddRRRddddggddgggggggddddddDDDDDDDDDDDDdgggdRRddRRRRdddddddddddddgggggggddgddRRRdgggGGGGGggg
wwwwwwwwwwdddggGGGGGGgggGGGgdddRRRRdgddRRRddddddddggddgggddddddddddddddddddddddgdRRRRRRRdddwwwwwwwwwwdddgggggddgdddRRdgggGGGGggFF
wwwwwwwwwwwwdgggGGGGGGgggGGgddRRRRddgddRRRddddRRRddgddggdddddddwwwwwwwwwwwwwwwddddRRRRRRddwwWWWWWWWWwwwdddggggggggdddddgGGGGgggFF
ddwwwwwwwwwwddggGGGGGggggGggdRRRRddgggddRRRddRRRdddggdddddRRRdwwwwwwwwwwwwwwwwwwwdddRRddddwWWWWWWWWWWWwwddgggggggddggddgGGGgggFFF
gddwwwwwwwwwwdggGGGGGggGGgggdRRRRddggddddRRRRRRdddgggdddRRRRddwWWWwwwwwwWwwWWWWWwwdddddddwwWWwwWWwWWWWWwdggddggggdggggggggggggFFF
ddddwwwwwwwwwdgggGGGGGGGGgggdRRRdddggddgdddRRdddgggggddRRRRddwwWWwWWWWWWwWWWWWWWWwwddddwwwWWWwwwwwWWwWWwdggddgggggggggggggggFFFFF
RRdddwwwwwwwddgggGGggGGgGGggddRRddddggggggddddgddggdddRRRRdddwWWwwWWWWWWWWWWwWWWWWwwwwwwWWWWWwwWWWWWWWWwdddggggGgggGGggggggFFFFFF
RRddddwwwwwddggggGGgggggGGGggddRRRRddgggggddgggddgddRRRRRdddwwWWWWWWWWWWWWWWWWWwWWWWwWWWWWWWWwWWWWWWWWWwwwdgggGGGgGGggggFFFFFFFFF
RRRdddddddddddddggGGgggggGGggddddRRRddggddddggggggdRRRRRdddwwWWWWWWWWwWWWWWWWWWWWWWWwWWWWWWWWwWWwwWWWWwWWwddggGGGGGGgggFFFFFFFFFF
RRRRRddddddddRRdggggggddgGGgggdRRdddddggddddggggdddRRRdddwwwWWWWWwWWWWWWWWWwWWWWWWWWWWwwwWWWWWwwWWWWWWWWWwwdgggGGGggggFFFFFFFFFFF
RRdRRRRRRddRRRRdggggddddgGGGGgddRddddggggddgggdddRRRRRdwwwWWWWWWWWWWWWWWWWWWWWWWWWWWWWWWWWWWWWWWWWWWWWWwWWwddggGGGggggFFFFFFFFFFF
RRRRRRRRRRRRRRddggggddgggGGGGgddddggggggggggggdddRRRRddwWWWWWWWWWWWWWWWWWWWWWWWWWWwwwwWWWWWWWWWWWWWWWWwWWWwwdggGGGggggFggggFFFFFF
ddRRRRRddRRRRddgggddddggggGGgggggddgggggggggggggddddddwwWWWWwwwWWWWWWWWWWWwwwwwWWWWWwwWWWWWWWWWWWwWWWWwWWWWwddggGGGGgggggggFFFFFF
gdRRRRdddRRRRdddgdddddddgggggggggddgggggggggggggggddwwwWWWWwwwWWWWWWWWWWWwwwwwwwWWWWWwwwwWWWWWWWWWWWWWWWWWWwddggGGGGgGGggggFFFFFF
gdddRRddddRddRRdgddddddddgddgggddgggggggggggggggggdwwWWWWwwwWWWWWWWWWWWWWwwWWWWWWWWWWWwWWwWWWWWWWWWWWWWWWWwwdggggggGGGGggggFFFFFF
gggddRRRdddddRddgggdddddddddgggddgggggggggggggggdddwWWWWWWWwWWWWWWWWWWWWWWwWWWWWWWwwWWWWWwWWWWwWWWWwWWWWwwwddggggggGGGgggggFFFFFF
ggggddRdddggddddgggddddRddgggddddgggggggggggggdddwwwWWWWWWWWWWWWWWWWWWWWWWwwwwWWWwwwwWWWWWWWwWWWWWWWWWwWWwddggggggGGggggFgggFFFFF
gggggddddggggddgggddddRddggdddwwdddgggggggggggdwwwWWWWWWWWWWWWWWWWWWWWWWWwwwWWWWWwwWWWWwWWWWwWWWWwWWWWwWWwddggggGGGgggggFFFFFFFFF
gggggddggggggggggddddRddggddwwwwwwdddgggggggdddwWWWWwWWWWWWWWWWWWWWWWWWWwWWwWWWWwwwWWWWwwwwWWWWwWWWWwwwwwwdggggggGGgggggFFFFFFFFF
ggggggggddgggggggdddRRdgdddwwWWWWwwwdddddgdddwwwWWWWWWWWWWWWWWWWWWWWWWWWWWWwWWWwwwwwwWWwwwwWWwwwWWWwwwwWWwdggggggGGGGGgggFFFFFFFF
gggggggddddgggggddRRRRdddwwwwWWWWWwwwwwwdddwwwWWWWWWWWWWWWWWWWWWWWwWWwwWWWWwWWwwwdddwwWWWWWwwWWWWwwwwwWWWwdggGGGGGgGGGGggFFFggFFF
gggggggddddggddddRRRRRdwwwwwWWWWWWwwwWWwwwwwWWWWWWWWWWWWWWWWWWWWWWWwwwWWwWWwwwwdddgddwwWWWWwwWWWWwWWwwWWwwdggGGGGGggGGGgggFgggFFF
gggggggggdddddRRdRRRRddwwwWWWWWWWWWWWWWWWWWWWWWWWWWWWWWWWWWWWWWWWWWWWwWWwwwwwdddggggddwwwWWWwWWWWwWWwWWwwddggGGGGGGGGGgggggggggFF
gggdddggddRdddRRRRRRddwwwwWWWWWWWWWWWWWWWWWWWWWWWWWwwWWWWWWWWWwwwwwWWwwWWwwdddgggFFggdddwWWWwWWWWWWWWWWwddggGGggGGGGggggdgggggggF
gggdddggdddRRRRRRRRRddwwwWWWWWWWWWWWWWWWWWWwwWWWWWWWWwWWWWWWWWwwwWWwwWWWWwddgggFFFFFgggdwWWWWWWWWWWWWwwwdgggGggggGGGgggddddgggggg
ddggddddgdddRRRRRRRdddwwwWWWWWWWWWWWWWWWWWWWwWWwWWwWWWWWWWWWWwwWWWWwWWWWwwdgggFFFFFFgggdwwwWWWWWWWwwwwdddggGGggggGGggggggddgggggg
dddgddRdgggdddRRRRdddwwwwWWWWWWWWWWWWWWWWWWWWWWWwWWWWWWWWWWWWwwWWwwWWWWwwddgggFFFFFFFggdddwwWWWwwwwddddggggGGGGGggggggdddddggdddd
RRdddRRddggggddRRRdddwwwwwWWWWWWWWWWWWWWWWWWWwWWWWWWWWWWWWWWWWWwwWWWWwwwddgggFFFFFFFFggggddwwwwwddddggggggGGGGGgggggdddRRdddddRRd
RRddRRRddgggggdRRRdddddwwwWWwWWWWWWWWWWWWWWWWWWwWWWWWWWWWWWWWWWWwWWwwWWwdgggFFFggFFFFFggggdddddddggggggggGGGGgggggdddddRddddRRRRR
RRRRRRddggggggddRRRRddddwwwwwWWWWWWWWWWWWWWWWWWWWWWWWWWWWWWwwWWWWwWWWWWwdgggFFFggFFFFFFFggggddgggggggGGgGGGGggggggddggddddddRRRRR
RRRRRddggggggggdRRRRddddwwwwwwwwwwWWWWWWWWWWWWWWWWWWWWWWwWWwwWWWWwWWWwwwdggFFFggFFgFFFFFgggddggggggGGGGGGGggggddgggggggggddRRRRRR
RRRdddddgggggdddRRRdRRdddwwwwwwwwwwwwWWWWWWWWWWWwWWWWWWWwWWWWWWWWWWwwwdddggFgggggFggggFFFggddggggGGGGGGGGGgggddddgggggggddRRRRRRd
ddddggddgggdddRRRRRdRRdddddwwwwwwdddwwwWWWWWWWWwWWWWWWWWWWWWWWwwWWWwdddgggggggggggggggggFgggggggggGGGggGGggggdRRdddgggdddRRRRRRRR
ggddgggggdddRRRRRRRRddRRdgddddwwddgdddwWWWWWWWWWWWWWWWWWWWWWWWwwWWwwdggggggggggggggggggggggggggGggGGGGGgggggddRddddgggdRRRRRRRRRR
gggdgggggddRRRRdddRddddRdggggddddggggdwwWWWWWWWWWWWWWWWWWWWWwwwwWWwddggddgggggggggggggggggggggGGGGgGGGGgggdddddddggggddRRRRRRRddd
GGgggggggdRRddddgddddddddgggggddggggddwWWWWWWWWWWWWWWWWWWWWWwWWWWWwdgggddgggggggggggggggggggggGGGGGGGggggddRRdggdggggdRRRRRRddddd
GGggGggddddddgggggggddggggggggddggggdwwWWWWWWWWWWWWWWWWWWWWWWWWWwwwddgggddgggggggggggggggggggggGgGGGGggggdRRRdggddggddRRRRRdddddd
GGggGGgddggggggGGggddgggggggggggggggdwWWWWWWWWWWwWWwWWWWWWWWWWwWWwwwdggdddddgggggggggggddgggggGGGGGggggggdRRddggddgddRRRdRRRRdddd
GGGGGggggggGGgggGggddggggggFggggggdddwWWwWWWWWWWWWWWWWWWWWWWWWwWWWWwddddRRRdddgggggddddddddgggGGGGGgggggddRRdggddggddRRddddRRdddd
GGGGggggggGGGGggGGgggggggFFFFggddddwwwWWWWWWWWWWWWWWWWWWWWWwWWwWWWWwddddRRRRRddddddddddggddggGGGgggggggddRRddggddgggddddggddddddd
ggggggggggggGGGGGGGGggggFFFgggddddwwWWWWWWWwwwWWWWWWwWWWWwwwWWWWWWWwwdddddRRRRddRdddRddgggggGGgggggggdddRRRdgggggggddggggddddddRR
FFggFFgggFFgGGggggGGggggFFggdddwwwwWWWWWWWWwWWWWWWWWwWWWWWWwWWWWwWWWwwdddddRRRRdRRddddddgggGggGgggddgdRRRRRddggggggddggggddddRRRR
FFFFFFggggFggggFggGggggFFFggggdwwwWWWWWWwWWWWWWWWWWwwWWwwWWWwwWWWWWWWwwwwdddRRRRddRRdgddgggGgGGgggddddRRRRRRddgddgggggddgggddRRRR
FFFFFggggggFFgFFggggggFFFFgFFgddwWWWWWwWWWWWWWWWWWWWWWWwwwWWWwwWWwWWWwWWwwwdRRRRRddddgggdgggGGGgggggddRRRRRRRddddgggggddddddRRRRR
FFFFFFFFFFFFgFFFFggFFFFFFFFFFggdwWWWWWWWWWWWWWWWWWWWWWWWWWWWWWWWWWWWWWWWWWwddRRRRRdggggggddggGGGgggggddRRRRRRRRdgggggggdddRRRRRRR
FFFFFFFFFFFFFFFFFFFFFFFFFgFFFFgdwwWWWWWWWWWWWWWWWWWWWWWWWWWWWWWWWWWWWWWwWWwddRRRRRdgggggggddggGGGGggggddRRRRRRRdgggggggggdRRRRRRd
# Map Partial Bits
FFFFFFFFFFFFFFFFFFFFFFFFFFFFFFFFFFFFFFFFFFFFFFFFFFFFFFFFFFFFFFFFFFFFFFFFFFFFFFFFFFFFFFFFFFFFFFFFFFFFFFFFFFFFFFFFFFFFFFFFFFFFFFFFF
FFFFFFFFFFFFFFFFFFFFFFFFFFFFFFFFFFFFFFFFFFFFFFFFFFFFFFFFFFFFFFFFFFFFFFFFFFFFFFFFFFFFFFFFFFFFFFFFFFFFFFFFFFFFFFFFFFFFFFFFFFFFFFFFF
FFFFFFFFFFFFFFFFFFFFFFFFFFFFFFFFFFFFFFFFFFFFFFFFFFFFFFFFFFFFFFFFFFFFFFFFFFFFFFFFFFFFFFFFFFFFFFFFFFFFFFFFFFFFFFFFFFFFFFFFFFFFFFFFF
FFFFFFFFFFFFFFFFFFFFFFFFFFFFFFFFFFFFFFFFFFFFFFFFFFFFFFFFFFFFFFFFFFFFFFFFFFFFFFFFFFFFFFFFFFFFFFFFFFFFFFFFFFFFFFFFFFFFFFFFFFFFFFFFF
FFFFFFFFFFFFFFFFFFFFFFFFFFFFFFFFFFFFFFFFFFFFFFFFFFFFFFFFFFFFFFFFFFFFFFFFFFFFFFFFFFFFFFFFFFFFFFFFFFFFFFFFFFFFFFFFFFFFFFFFFFFFFFFFF
FFFFFFFFFFFFFFFFFFFFFFFFFFFFFFFFFFFFFFFFFFFFFFFFFFFFFFFFFFFFFFFFFFFFFFFFFFFFFFFFFFFFFFFFFFFFFFFFFFFFFFFFFFFFFFFFFFFFFFFFFFFFFFFFF
FFFFFFFFFFFFFFFFFFFFFFFFFFFFFFFFFFFFFFFFFFFFFFFFFFFFFFFFFFFFFFFFFFFFFFFFFFFFFFFFFFFFFFFFFFFFFFFFFFFFFFFFFFFFFFFFFFFFFFFFFFFFFFFFF
FFFFFFFFFFFFFFFFFFFFFFFFFFFFFFFFFFFFFFFFFFFFFFFFFFFFFFFFFFFFFFFFFFFFFFFFFFFFFFFFFFFFFFFFFFFFFFFFFFFFFFFFFFFFFFFFFFFFFFFFFFFFFFFFF
FFFFFFFFFFFFFFFFFFFFFFFFFFFFFFFFFFFFFFFFFFFFFFFFFFFFFFFFFFFFFFFFFFFFFFFFFFFFFFFFFFFFFFFFFFFFFFFFFFFFFFFFFFFFFFFFFFFFFFFFFFFFFFFFF
FFFFFFFFFFFFFFFFFFFFFFFFFFFFFFFFFFFFFFFFFFFFFFFFFFFFFFFFFFFFFFFFFFFFFFFFFFFFFFFFFFFFFFFFFFFFFFFFFFFFFFFFFFFFFFFFFFFFFFFFFFFFFFFFF
FFFFFFFFFFFFFFFFFFFFFFFFFFFFFFFFFFFFFFFFFFFFFFFFFFFFFFFFFFFFFFFFFFFFFFFFFFFFFFFFFFFFFFFFFFFFFFFFFFFFFFFFFFFFFFFFFFFFFFFFFFFFFFFFF
FFFFFFFFFFFFFFFFFFFFFFFFFFFFFFFFFFFFFFFFFFFFFFFFFFFFFFFFFFFFFFFFFFFFFFFFFFFFFFFFFFFFFFFFFFFFFFFFFFFFFFFFFFFFFFFFFFFFFFFFFFFFFFFFF
FFFFFFFFFFFFFFFFFFFFFFFFFFFFFFFFFFFFFFFFFFFFFFFFFFFFFFFFFFFFFFFFFFFFFFFFFFFFFFFFFFFFFFFFFFFFFFFFFFFFFFFFFFFFFFFFFFFFFFFFFFFFFFFFF
FFFFFFFFFFFFFFFFFFFFFFFFFFFFFFFFFFFFFFFFFFFFFFFFFFFFFFFFFFFFFFFFFFFFFFFFFFFFFFFFFFFFFFFFFFFFFFFFFFFFFFFFFFFFFFFFFFFFFFFFFFFFFFFFF
FFFFFFFFFFFFFFFFFFFFFFFFFFFFFFFFFFFFFFFFFFFFFFFFFFFFFFFFFFFFFFFFFFFFFFFFFFFFFFFFFFFFFFFFFFFFFFFFFFFFFFFFFFFFFFFFFFFFFFFFFFFFFFFFF
FFFFFFFFFFFFFFFFFFFFFFFFFFFFFFFFFFFFFFFFFFFFFFFFFFFFFFFFFFFFFFFFFFFFFFFFFFFFFFFFFFFFFFFFFFFFFFFFFFFFFFFFFFFFFFFFFFFFFFFFFFFFFFFFF
FFFFFFFFFFFFFFFFFFFFFFFFFFFFFFFFFFFFFFFFFFFFFFFFFFFFFFFFFFFFFFFFFFFFFFFFFFFFFFFFFFFFFFFFFFFFFFFFFFFFFFFFFFFFFFFFFFFFFFFFFFFFFFFFF
FFFFFFFFFFFFFFFFFFFFFFFFFFFFFFFFFFFFFFFFFFFFFFFFFFFFFFFFFFFFFFFFFFFFFFFFFFFFFFFFFFFFFFFFFFFFFFFFFFFFFFFFFFFFFFFFFFFFFFFFFFFFFFFFF
FFFFFFFFFFFFFFFFFFFFFFFFFFFFFFFFFFFFFFFFFFFFFFFFFFFFFFFFFFFFFFFFFFFFFFFFFFFFFFFFFFFFFFFFFFFFFFFFFFFFFFFFFFFFFFFFFFFFFFFFFFFFFFFFF
FFFFFFFFFFFFFFFFFFFFFFFFFFFFFFFFFFFFFFFFFFFFFFFFFFFFFFFFFFFFFFFFFFFFFFFFFFFFFFFFFFFFFFFFFFFFFFFFFFFFFFFFFFFFFFFFFFFFFFFFFFFFFFFFF
FFFFFFFFFFFFFFFFFFFFFFFFFFFFFFFFFFFFFFFFFFFFFFFFFFFFFFFFFFFFFFFFFFFFFFFFFFFFFFFFFFFFFFFFFFFFFFFFFFFFFFFFFFFFFFFFFFFFFFFFFFFFFFFFF
FFFFFFFFFFFFFFFFFFFFFFFFFFFFFFFFFFFFFFFFFFFFFFFFFFFFFFFFFFFFFFFFFFFFFFFFFFFFFFFFFFFFFFFFFFFFFFFFFFFFFFFFFFFFFFFFFFFFFFFFFFFFFFFFF
FFFFFFFFFFFFFFFFFFFFFFFFFFFFFFFFFFFFFFFFFFFFFFFFFFFFFFFFFFFFFFFFFFFFFFFFFFFFFFFFFFFFFFFFFFFFFFFFFFFFFFFFFFFFFFFFFFFFFFFFFFFFFFFFF
FFFFFFFFFFFFFFFFFFFFFFFFFFFFFFFFFFFFFFFFFFFFFFFFFFFFFFFFFFFFFFFFFFFFFFFFFFFFFFFFFFFFFFFFFFFFFFFFFFFFFFFFFFFFFFFFFFFFFFFFFFFFFFFFF
FFFFFFFFFFFFFFFFFFFFFFFFFFFFFFFFFFFFFFFFFFFFFFFFFFFFFFFFFFFFFFFFFFFFFFFFFFFFFFFFFFFFFFFFFFFFFFFFFFFFFFFFFFFFFFFFFFFFFFFFFFFFFFFFF
FFFFFFFFFFFFFFFFFFFFFFFFFFFFFFFFFFFFFFFFFFFFFFFFFFFFFFFFFFFFFFFFFFFFFFFFFFFFFFFFFFFFFFFFFFFFFFFFFFFFFFFFFFFFFFFFFFFFFFFFFFFFFFFFF
FFFFFFFFFFFFFFFFFFFFFFFFFFFFFFFFFFFFFFFFFFFFFFFFFFFFFFFFFFFFFFFFFFFFFFFFFFFFFFFFFFFFFFFFFFFFFFFFFFFFFFFFFFFFFFFFFFFFFFFFFFFFFFFFF
FFFFFFFFFFFFFFFFFFFFFFFFFFFFFFFFFFFFFFFFFFFFFFFFFFFFFFFFFFFFFFFFFFFFFFFFFFFFFFFFFFFFFFFFFFFFFFFFFFFFFFFFFFFFFFFFFFFFFFFFFFFFFFFFF
FFFFFFFFFFFFFFFFFFFFFFFFFFFFFFFFFFFFFFFFFFFFFFFFFFFFFFFFFFFFFFFFFFFFFFFFFFFFFFFFFFFFFFFFFFFFFFFFFFFFFFFFFFFFFFFFFFFFFFFFFFFFFFFFF
FFFFFFFFFFFFFFFFFFFFFFFFFFFFFFFFFFFFFFFFFFFFFFFFFFFFFFFFFFFFFFFFFFFFFFFFFFFFFFFFFFFFFFFFFFFFFFFFFFFFFFFFFFFFFFFFFFFFFFFFFFFFFFFFF
FFFFFFFFFFFFFFFFFFFFFFFFFFFFFFFFFFFFFFFFFFFFFFFFFFFFFFFFFFFFFFFFFFFFFFFFFFFFFFFFFFFFFFFFFFFFFFFFFFFFFFFFFFFFFFFFFFFFFFFFFFFFFFFFF
FFFFFFFFFFFFFFFFFFFFFFFFFFFFFFFFFFFFFFFFFFFFFFFFFFFFFFFFFFFFFFFFFFFFFFFFFFFFFFFFFFFFFFFFFFFFFFFFFFFFFFFFFFFFFFFFFFFFFFFFFFFFFFFFF
FFFFFFFFFFFFFFFFFFFFFFFFFFFFFFFFFFFFFFFFFFFFFFFFFFFFFFFFFFFFFFFFFFFFFFFFFFFFFFFFFFFFFFFFFFFFFFFFFFFFFFFFFFFFFFFFFFFFFFFFFFFFFFFFF
FFFFFFFFFFFFFFFFFFFFFFFFFFFFFFFFFFFFFFFFFFFFFFFFFFFFFFFFFFFFFFFFFFFFFFFFFFFFFFFFFFFFFFFFFFFFFFFFFFFFFFFFFFFFFFFFFFFFFFFFFFFFFFFFF
FFFFFFFFFFFFFFFFFFFFFFFFFFFFFFFFFFFFFFFFFFFFFFFFFFFFFFFFFFFFFFFFFFFFFFFFFFFFFFFFFFFFFFFFFFFFFFFFFFFFFFFFFFFFFFFFFFFFFFFFFFFFFFFFF
FFFFFFFFFFFFFFFFFFFFFFFFFFFFFFFFFFFFFFFFFFFFFFFFFFFFFFFFFFFFFFFFFFFFFFFFFFFFFFFFFFFFFFFFFFFFFFFFFFFFFFFFFFFFFFFFFFFFFFFFFFFFFFFFF
FFFFFFFFFFFFFFFFFFFFFFFFFFFFFFFFFFFFFFFFFFFFFFFFFFFFFFFFFFFFFFFFFFFFFFFFFFFFFFFFFFFFFFFFFFFFFFFFFFFFFFFFFFFFFFFFFFFFFFFFFFFFFFFFF
FFFFFFFFFFFFFFFFFFFFFFFFFFFFFFFFFFFFFFFFFFFFFFFFFFFFFFFFFFFFFFFFFFFFFFFFFFFFFFFFFFFFFFFFFFFFFFFFFFFFFFFFFFFFFFFFFFFFFFFFFFFFFFFFF
FFFFFFFFFFFFFFFFFFFFFFFFFFFFFFFFFFFFFFFFFFFFFFFFFFFFFFFFFFFFFFFFFFFFFFFFFFFFFFFFFFFFFFFFFFFFFFFFFFFFFFFFFFFFFFFFFFFFFFFFFFFFFFFFF
FFFFFFFFFFFFFFFFFFFFFFFFFFFFFFFFFFFFFFFFFFFFFFFFFFFFFFFFFFFFFFFFFFFFFFFFFFFFFFFFFFFFFFFFFFFFFFFFFFFFFFFFFFFFFFFFFFFFFFFFFFFFFFFFF
FFFFFFFFFFFFFFFFFFFFFFFFFFFFFFFFFFFFFFFFFFFFFFFFFFFFFFFFFFFFFFFFFFFFFFFFFFFFFFFFFFFFFFFFFFFFFFFFFFFFFFFFFFFFFFFFFFFFFFFFFFFFFFFFF
FFFFFFFFFFFFFFFFFFFFFFFFFFFFFFFFFFFFFFFFFFFFFFFFFFFFFFFFFFFFFFFFFFFFFFFFFFFFFFFFFFFFFFFFFFFFFFFFFFFFFFFFFFFFFFFFFFFFFFFFFFFFFFFFF
FFFFFFFFFFFFFFFFFFFFFFFFFFFFFFFFFFFFFFFFFFFFFFFFFFFFFFFFFFFFFFFFFFFFFFFFFFFFFFFFFFFFFFFFFFFFFFFFFFFFFFFFFFFFFFFFFFFFFFFFFFFFFFFFF
FFFFFFFFFFFFFFFFFFFFFFFFFFFFFFFFFFFFFFFFFFFFFFFFFFFFFFFFFFFFFFFFFFFFFFFFFFFFFFFFFFFFFFFFFFFFFFFFFFFFFFFFFFFFFFFFFFFFFFFFFFFFFFFFF
FFFFFFFFFFFFFFFFFFFFFFFFFFFFFFFFFFFFFFFFFFFFFFFFFFFFFFFFFFFFFFFFFFFFFFFFFFFFFFFFFFFFFFFFFFFFFFFFFFFFFFFFFFFFFFFFFFFFFFFFFFFFFFFFF
FFFFFFFFFFFFFFFFFFFFFFFFFFFFFFFFFFFFFFFFFFFFFFFFFFFFFFFFFFFFFFFFFFFFFFFFFFFFFFFFFFFFFFFFFFFFFFFFFFFFFFFFFFFFFFFFFFFFFFFFFFFFFFFFF
FFFFFFFFFFFFFFFFFFFFFFFFFFFFFFFFFFFFFFFFFFFFFFFFFFFFFFFFFFFFFFFFFFFFFFFFFFFFFFFFFFFFFFFFFFFFFFFFFFFFFFFFFFFFFFFFFFFFFFFFFFFFFFFFF
FFFFFFFFFFFFFFFFFFFFFFFFFFFFFFFFFFFFFFFFFFFFFFFFFFFFFFFFFFFFFFFFFFFFFFFFFFFFFFFFFFFFFFFFFFFFFFFFFFFFFFFFFFFFFFFFFFFFFFFFFFFFFFFFF
FFFFFFFFFFFFFFFFFFFFFFFFFFFFFFFFFFFFFFFFFFFFFFFFFFFFFFFFFFFFFFFFFFFFFFFFFFFFFFFFFFFFFFFFFFFFFFFFFFFFFFFFFFFFFFFFFFFFFFFFFFFFFFFFF
FFFFFFFFFFFFFFFFFFFFFFFFFFFFFFFFFFFFFFFFFFFFFFFFFFFFFFFFFFFFFFFFFFFFFFFFFFFFFFFFFFFFFFFFFFFFFFFFFFFFFFFFFFFFFFFFFFFFFFFFFFFFFFFFF
FFFFFFFFFFFFFFFFFFFFFFFFFFFFFFFFFFFFFFFFFFFFFFFFFFFFFFFFFFFFFFFFFFFFFFFFFFFFFFFFFFFFFFFFFFFFFFFFFFFFFFFFFFFFFFFFFFFFFFFFFFFFFFFFF
FFFFFFFFFFFFFFFFFFFFFFFFFFFFFFFFFFFFFFFFFFFFFFFFFFFFFFFFFFFFFFFFFFFFFFFFFFFFFFFFFFFFFFFFFFFFFFFFFFFFFFFFFFFFFFFFFFFFFFFFFFFFFFFFF
FFFFFFFFFFFFFFFFFFFFFFFFFFFFFFFFFFFFFFFFFFFFFFFFFFFFFFFFFFFFFFFFFFFFFFFFFFFFFFFFFFFFFFFFFFFFFFFFFFFFFFFFFFFFFFFFFFFFFFFFFFFFFFFFF
FFFFFFFFFFFFFFFFFFFFFFFFFFFFFFFFFFFFFFFFFFFFFFFFFFFFFFFFFFFFFFFFFFFFFFFFFFFFFFFFFFFFFFFFFFFFFFFFFFFFFFFFFFFFFFFFFFFFFFFFFFFFFFFFF
FFFFFFFFFFFFFFFFFFFFFFFFFFFFFFFFFFFFFFFFFFFFFFFFFFFFFFFFFFFFFFFFFFFFFFFFFFFFFFFFFFFFFFFFFFFFFFFFFFFFFFFFFFFFFFFFFFFFFFFFFFFFFFFFF
FFFFFFFFFFFFFFFFFFFFFFFFFFFFFFFFFFFFFFFFFFFFFFFFFFFFFFFFFFFFFFFFFFFFFFFFFFFFFFFFFFFFFFFFFFFFFFFFFFFFFFFFFFFFFFFFFFFFFFFFFFFFFFFFF
FFFFFFFFFFFFFFFFFFFFFFFFFFFFFFFFFFFFFFFFFFFFFFFFFFFFFFFFFFFFFFFFFFFFFFFFFFFFFFFFFFFFFFFFFFFFFFFFFFFFFFFFFFFFFFFFFFFFFFFFFFFFFFFFF
FFFFFFFFFFFFFFFFFFFFFFFFFFFFFFFFFFFFFFFFFFFFFFFFFFFFFFFFFFFFFFFFFFFFFFFFFFFFFFFFFFFFFFFFFFFFFFFFFFFFFFFFFFFFFFFFFFFFFFFFFFFFFFFFF
FFFFFFFFFFFFFFFFFFFFFFFFFFFFFFFFFFFFFFFFFFFFFFFFFFFFFFFFFFFFFFFFFFFFFFFFFFFFFFFFFFFFFFFFFFFFFFFFFFFFFFFFFFFFFFFFFFFFFFFFFFFFFFFFF
FFFFFFFFFFFFFFFFFFFFFFFFFFFFFFFFFFFFFFFFFFFFFFFFFFFFFFFFFFFFFFFFFFFFFFFFFFFFFFFFFFFFFFFFFFFFFFFFFFFFFFFFFFFFFFFFFFFFFFFFFFFFFFFFF
FFFFFFFFFFFFFFFFFFFFFFFFFFFFFFFFFFFFFFFFFFFFFFFFFFFFFFFFFFFFFFFFFFFFFFFFFFFFFFFFFFFFFFFFFFFFFFFFFFFFFFFFFFFFFFFFFFFFFFFFFFFFFFFFF
FFFFFFFFFFFFFFFFFFFFFFFFFFFFFFFFFFFFFFFFFFFFFFFFFFFFFFFFFFFFFFFFFFFFFFFFFFFFFFFFFFFFFFFFFFFFFFFFFFFFFFFFFFFFFFFFFFFFFFFFFFFFFFFFF
FFFFFFFFFFFFFFFFFFFFFFFFFFFFFFFFFFFFFFFFFFFFFFFFFFFFFFFFFFFFFFFFFFFFFFFFFFFFFFFFFFFFFFFFFFFFFFFFFFFFFFFFFFFFFFFFFFFFFFFFFFFFFFFFF
FFFFFFFFFFFFFFFFFFFFFFFFFFFFFFFFFFFFFFFFFFFFFFFFFFFFFFFFFFFFFFFFFFFFFFFFFFFFFFFFFFFFFFFFFFFFFFFFFFFFFFFFFFFFFFFFFFFFFFFFFFFFFFFFF
FFFFFFFFFFFFFFFFFFFFFFFFFFFFFFFFFFFFFFFFFFFFFFFFFFFFFFFFFFFFFFFFFFFFFFFFFFFFFFFFFFFFFFFFFFFFFFFFFFFFFFFFFFFFFFFFFFFFFFFFFFFFFFFFF
FFFFFFFFFFFFFFFFFFFFFFFFFFFFFFFFFFFFFFFFFFFFFFFFFFFFFFFFFFFFFFFFFFFFFFFFFFFFFFFFFFFFFFFFFFFFFFFFFFFFFFFFFFFFFFFFFFFFFFFFFFFFFFFFF
FFFFFFFFFFFFFFFFFFFFFFFFFFFFFFFFFFFFFFFFFFFFFFFFFFFFFFFFFFFFFFFFFFFFFFFFFFFFFFFFFFFFFFFFFFFFFFFFFFFFFFFFFFFFFFFFFFFFFFFFFFFFFFFFF
FFFFFFFFFFFFFFFFFFFFFFFFFFFFFFFFFFFFFFFFFFFFFFFFFFFFFFFFFFFFFFFFFFFFFFFFFFFFFFFFFFFFFFFFFFFFFFFFFFFFFFFFFFFFFFFFFFFFFFFFFFFFFFFFF
FFFFFFFFFFFFFFFFFFFFFFFFFFFFFFFFFFFFFFFFFFFFFFFFFFFFFFFFFFFFFFFFFFFFFFFFFFFFFFFFFFFFFFFFFFFFFFFFFFFFFFFFFFFFFFFFFFFFFFFFFFFFFFFFF
FFFFFFFFFFFFFFFFFFFFFFFFFFFFFFFFFFFFFFFFFFFFFFFFFFFFFFFFFFFFFFFFFFFFFFFFFFFFFFFFFFFFFFFFFFFFFFFFFFFFFFFFFFFFFFFFFFFFFFFFFFFFFFFFF
FFFFFFFFFFFFFFFFFFFFFFFFFFFFFFFFFFFFFFFFFFFFFFFFFFFFFFFFFFFFFFFFFFFFFFFFFFFFFFFFFFFFFFFFFFFFFFFFFFFFFFFFFFFFFFFFFFFFFFFFFFFFFFFFF
FFFFFFFFFFFFFFFFFFFFFFFFFFFFFFFFFFFFFFFFFFFFFFFFFFFFFFFFFFFFFFFFFFFFFFFFFFFFFFFFFFFFFFFFFFFFFFFFFFFFFFFFFFFFFFFFFFFFFFFFFFFFFFFFF
FFFFFFFFFFFFFFFFFFFFFFFFFFFFFFFFFFFFFFFFFFFFFFFFFFFFFFFFFFFFFFFFFFFFFFFFFFFFFFFFFFFFFFFFFFFFFFFFFFFFFFFFFFFFFFFFFFFFFFFFFFFFFFFFF
FFFFFFFFFFFFFFFFFFFFFFFFFFFFFFFFFFFFFFFFFFFFFFFFFFFFFFFFFFFFFFFFFFFFFFFFFFFFFFFFFFFFFFFFFFFFFFFFFFFFFFFFFFFFFFFFFFFFFFFFFFFFFFFFF
FFFFFFFFFFFFFFFFFFFFFFFFFFFFFFFFFFFFFFFFFFFFFFFFFFFFFFFFFFFFFFFFFFFFFFFFFFFFFFFFFFFFFFFFFFFFFFFFFFFFFFFFFFFFFFFFFFFFFFFFFFFFFFFFF
FFFFFFFFFFFFFFFFFFFFFFFFFFFFFFFFFFFFFFFFFFFFFFFFFFFFFFFFFFFFFFFFFFFFFFFFFFFFFFFFFFFFFFFFFFFFFFFFFFFFFFFFFFFFFFFFFFFFFFFFFFFFFFFFF
FFFFFFFFFFFFFFFFFFFFFFFFFFFFFFFFFFFFFFFFFFFFFFFFFFFFFFFFFFFFFFFFFFFFFFFFFFFFFFFFFFFFFFFFFFFFFFFFFFFFFFFFFFFFFFFFFFFFFFFFFFFFFFFFF
FFFFFFFFFFFFFFFFFFFFFFFFFFFFFFFFFFFFFFFFFFFFFFFFFFFFFFFFFFFFFFFFFFFFFFFFFFFFFFFFFFFFFFFFFFFFFFFFFFFFFFFFFFFFFFFFFFFFFFFFFFFFFFFFF
FFFFFFFFFFFFFFFFFFFFFFFFFFFFFFFFFFFFFFFFFFFFFFFFFFFFFFFFFFFFFFFFFFFFFFFFFFFFFFFFFFFFFFFFFFFFFFFFFFFFFFFFFFFFFFFFFFFFFFFFFFFFFFFFF
FFFFFFFFFFFFFFFFFFFFFFFFFFFFFFFFFFFFFFFFFFFFFFFFFFFFFFFFFFFFFFFFFFFFFFFFFFFFFFFFFFFFFFFFFFFFFFFFFFFFFFFFFFFFFFFFFFFFFFFFFFFFFFFFF
FFFFFFFFFFFFFFFFFFFFFFFFFFFFFFFFFFFFFFFFFFFFFFFFFFFFFFFFFFFFFFFFFFFFFFFFFFFFFFFFFFFFFFFFFFFFFFFFFFFFFFFFFFFFFFFFFFFFFFFFFFFFFFFFF
FFFFFFFFFFFFFFFFFFFFFFFFFFFFFFFFFFFFFFFFFFFFFFFFFFFFFFFFFFFFFFFFFFFFFFFFFFFFFFFFFFFFFFFFFFFFFFFFFFFFFFFFFFFFFFFFFFFFFFFFFFFFFFFFF
FFFFFFFFFFFFFFFFFFFFFFFFFFFFFFFFFFFFFFFFFFFFFFFFFFFFFFFFFFFFFFFFFFFFFFFFFFFFFFFFFFFFFFFFFFFFFFFFFFFFFFFFFFFFFFFFFFFFFFFFFFFFFFFFF
FFFFFFFFFFFFFFFFFFFFFFFFFFFFFFFFFFFFFFFFFFFFFFFFFFFFFFFFFFFFFFFFFFFFFFFFFFFFFFFFFFFFFFFFFFFFFFFFFFFFFFFFFFFFFFFFFFFFFFFFFFFFFFFFF
FFFFFFFFFFFFFFFFFFFFFFFFFFFFFFFFFFFFFFFFFFFFFFFFFFFFFFFFFFFFFFFFFFFFFFFFFFFFFFFFFFFFFFFFFFFFFFFFFFFFFFFFFFFFFFFFFFFFFFFFFFFFFFFFF
FFFFFFFFFFFFFFFFFFFFFFFFFFFFFFFFFFFFFFFFFFFFFFFFFFFFFFFFFFFFFFFFFFFFFFFFFFFFFFFFFFFFFFFFFFFFFFFFFFFFFFFFFFFFFFFFFFFFFFFFFFFFFFFFF
FFFFFFFFFFFFFFFFFFFFFFFFFFFFFFFFFFFFFFFFFFFFFFFFFFFFFFFFFFFFFFFFFFFFFFFFFFFFFFFFFFFFFFFFFFFFFFFFFFFFFFFFFFFFFFFFFFFFFFFFFFFFFFFFF
FFFFFFFFFFFFFFFFFFFFFFFFFFFFFFFFFFFFFFFFFFFFFFFFFFFFFFFFFFFFFFFFFFFFFFFFFFFFFFFFFFFFFFFFFFFFFFFFFFFFFFFFFFFFFFFFFFFFFFFFFFFFFFFFF
FFFFFFFFFFFFFFFFFFFFFFFFFFFFFFFFFFFFFFFFFFFFFFFFFFFFFFFFFFFFFFFFFFFFFFFFFFFFFFFFFFFFFFFFFFFFFFFFFFFFFFFFFFFFFFFFFFFFFFFFFFFFFFFFF
FFFFFFFFFFFFFFFFFFFFFFFFFFFFFFFFFFFFFFFFFFFFFFFFFFFFFFFFFFFFFFFFFFFFFFFFFFFFFFFFFFFFFFFFFFFFFFFFFFFFFFFFFFFFFFFFFFFFFFFFFFFFFFFFF
FFFFFFFFFFFFFFFFFFFFFFFFFFFFFFFFFFFFFFFFFFFFFFFFFFFFFFFFFFFFFFFFFFFFFFFFFFFFFFFFFFFFFFFFFFFFFFFFFFFFFFFFFFFFFFFFFFFFFFFFFFFFFFFFF
FFFFFFFFFFFFFFFFFFFFFFFFFFFFFFFFFFFFFFFFFFFFFFFFFFFFFFFFFFFFFFFFFFFFFFFFFFFFFFFFFFFFFFFFFFFFFFFFFFFFFFFFFFFFFFFFFFFFFFFFFFFFFFFFF
FFFFFFFFFFFFFFFFFFFFFFFFFFFFFFFFFFFFFFFFFFFFFFFFFFFFFFFFFFFFFFFFFFFFFFFFFFFFFFFFFFFFFFFFFFFFFFFFFFFFFFFFFFFFFFFFFFFFFFFFFFFFFFFFF
FFFFFFFFFFFFFFFFFFFFFFFFFFFFFFFFFFFFFFFFFFFFFFFFFFFFFFFFFFFFFFFFFFFFFFFFFFFFFFFFFFFFFFFFFFFFFFFFFFFFFFFFFFFFFFFFFFFFFFFFFFFFFFFFF
FFFFFFFFFFFFFFFFFFFFFFFFFFFFFFFFFFFFFFFFFFFFFFFFFFFFFFFFFFFFFFFFFFFFFFFFFFFFFFFFFFFFFFFFFFFFFFFFFFFFFFFFFFFFFFFFFFFFFFFFFFFFFFFFF
FFFFFFFFFFFFFFFFFFFFFFFFFFFFFFFFFFFFFFFFFFFFFFFFFFFFFFFFFFFFFFFFFFFFFFFFFFFFFFFFFFFFFFFFFFFFFFFFFFFFFFFFFFFFFFFFFFFFFFFFFFFFFFFFF
FFFFFFFFFFFFFFFFFFFFFFFFFFFFFFFFFFFFFFFFFFFFFFFFFFFFFFFFFFFFFFFFFFFFFFFFFFFFFFFFFFFFFFFFFFFFFFFFFFFFFFFFFFFFFFFFFFFFFFFFFFFFFFFFF
FFFFFFFFFFFFFFFFFFFFFFFFFFFFFFFFFFFFFFFFFFFFFFFFFFFFFFFFFFFFFFFFFFFFFFFFFFFFFFFFFFFFFFFFFFFFFFFFFFFFFFFFFFFFFFFFFFFFFFFFFFFFFFFFF
FFFFFFFFFFFFFFFFFFFFFFFFFFFFFFFFFFFFFFFFFFFFFFFFFFFFFFFFFFFFFFFFFFFFFFFFFFFFFFFFFFFFFFFFFFFFFFFFFFFFFFFFFFFFFFFFFFFFFFFFFFFFFFFFF
FFFFFFFFFFFFFFFFFFFFFFFFFFFFFFFFFFFFFFFFFFFFFFFFFFFFFFFFFFFFFFFFFFFFFFFFFFFFFFFFFFFFFFFFFFFFFFFFFFFFFFFFFFFFFFFFFFFFFFFFFFFFFFFFF
FFFFFFFFFFFFFFFFFFFFFFFFFFFFFFFFFFFFFFFFFFFFFFFFFFFFFFFFFFFFFFFFFFFFFFFFFFFFFFFFFFFFFFFFFFFFFFFFFFFFFFFFFFFFFFFFFFFFFFFFFFFFFFFFF
FFFFFFFFFFFFFFFFFFFFFFFFFFFFFFFFFFFFFFFFFFFFFFFFFFFFFFFFFFFFFFFFFFFFFFFFFFFFFFFFFFFFFFFFFFFFFFFFFFFFFFFFFFFFFFFFFFFFFFFFFFFFFFFFF
FFFFFFFFFFFFFFFFFFFFFFFFFFFFFFFFFFFFFFFFFFFFFFFFFFFFFFFFFFFFFFFFFFFFFFFFFFFFFFFFFFFFFFFFFFFFFFFFFFFFFFFFFFFFFFFFFFFFFFFFFFFFFFFFF
FFFFFFFFFFFFFFFFFFFFFFFFFFFFFFFFFFFFFFFFFFFFFFFFFFFFFFFFFFFFFFFFFFFFFFFFFFFFFFFFFFFFFFFFFFFFFFFFFFFFFFFFFFFFFFFFFFFFFFFFFFFFFFFFF
FFFFFFFFFFFFFFFFFFFFFFFFFFFFFFFFFFFFFFFFFFFFFFFFFFFFFFFFFFFFFFFFFFFFFFFFFFFFFFFFFFFFFFFFFFFFFFFFFFFFFFFFFFFFFFFFFFFFFFFFFFFFFFFFF
FFFFFFFFFFFFFFFFFFFFFFFFFFFFFFFFFFFFFFFFFFFFFFFFFFFFFFFFFFFFFFFFFFFFFFFFFFFFFFFFFFFFFFFFFFFFFFFFFFFFFFFFFFFFFFFFFFFFFFFFFFFFFFFFF
FFFFFFFFFFFFFFFFFFFFFFFFFFFFFFFFFFFFFFFFFFFFFFFFFFFFFFFFFFFFFFFFFFFFFFFFFFFFFFFFFFFFFFFFFFFFFFFFFFFFFFFFFFFFFFFFFFFFFFFFFFFFFFFFF
FFFFFFFFFFFFFFFFFFFFFFFFFFFFFFFFFFFFFFFFFFFFFFFFFFFFFFFFFFFFFFFFFFFFFFFFFFFFFFFFFFFFFFFFFFFFFFFFFFFFFFFFFFFFFFFFFFFFFFFFFFFFFFFFF
FFFFFFFFFFFFFFFFFFFFFFFFFFFFFFFFFFFFFFFFFFFFFFFFFFFFFFFFFFFFFFFFFFFFFFFFFFFFFFFFFFFFFFFFFFFFFFFFFFFFFFFFFFFFFFFFFFFFFFFFFFFFFFFFF
FFFFFFFFFFFFFFFFFFFFFFFFFFFFFFFFFFFFFFFFFFFFFFFFFFFFFFFFFFFFFFFFFFFFFFFFFFFFFFFFFFFFFFFFFFFFFFFFFFFFFFFFFFFFFFFFFFFFFFFFFFFFFFFFF
FFFFFFFFFFFFFFFFFFFFFFFFFFFFFFFFFFFFFFFFFFFFFFFFFFFFFFFFFFFFFFFFFFFFFFFFFFFFFFFFFFFFFFFFFFFFFFFFFFFFFFFFFFFFFFFFFFFFFFFFFFFFFFFFF
FFFFFFFFFFFFFFFFFFFFFFFFFFFFFFFFFFFFFFFFFFFFFFFFFFFFFFFFFFFFFFFFFFFFFFFFFFFFFFFFFFFFFFFFFFFFFFFFFFFFFFFFFFFFFFFFFFFFFFFFFFFFFFFFF
FFFFFFFFFFFFFFFFFFFFFFFFFFFFFFFFFFFFFFFFFFFFFFFFFFFFFFFFFFFFFFFFFFFFFFFFFFFFFFFFFFFFFFFFFFFFFFFFFFFFFFFFFFFFFFFFFFFFFFFFFFFFFFFFF
FFFFFFFFFFFFFFFFFFFFFFFFFFFFFFFFFFFFFFFFFFFFFFFFFFFFFFFFFFFFFFFFFFFFFFFFFFFFFFFFFFFFFFFFFFFFFFFFFFFFFFFFFFFFFFFFFFFFFFFFFFFFFFFFF
FFFFFFFFFFFFFFFFFFFFFFFFFFFFFFFFFFFFFFFFFFFFFFFFFFFFFFFFFFFFFFFFFFFFFFFFFFFFFFFFFFFFFFFFFFFFFFFFFFFFFFFFFFFFFFFFFFFFFFFFFFFFFFFFF
FFFFFFFFFFFFFFFFFFFFFFFFFFFFFFFFFFFFFFFFFFFFFFFFFFFFFFFFFFFFFFFFFFFFFFFFFFFFFFFFFFFFFFFFFFFFFFFFFFFFFFFFFFFFFFFFFFFFFFFFFFFFFFFFF
FFFFFFFFFFFFFFFFFFFFFFFFFFFFFFFFFFFFFFFFFFFFFFFFFFFFFFFFFFFFFFFFFFFFFFFFFFFFFFFFFFFFFFFFFFFFFFFFFFFFFFFFFFFFFFFFFFFFFFFFFFFFFFFFF
FFFFFFFFFFFFFFFFFFFFFFFFFFFFFFFFFFFFFFFFFFFFFFFFFFFFFFFFFFFFFFFFFFFFFFFFFFFFFFFFFFFFFFFFFFFFFFFFFFFFFFFFFFFFFFFFFFFFFFFFFFFFFFFFF
FFFFFFFFFFFFFFFFFFFFFFFFFFFFFFFFFFFFFFFFFFFFFFFFFFFFFFFFFFFFFFFFFFFFFFFFFFFFFFFFFFFFFFFFFFFFFFFFFFFFFFFFFFFFFFFFFFFFFFFFFFFFFFFFF
FFFFFFFFFFFFFFFFFFFFFFFFFFFFFFFFFFFFFFFFFFFFFFFFFFFFFFFFFFFFFFFFFFFFFFFFFFFFFFFFFFFFFFFFFFFFFFFFFFFFFFFFFFFFFFFFFFFFFFFFFFFFFFFFF
FFFFFFFFFFFFFFFFFFFFFFFFFFFFFFFFFFFFFFFFFFFFFFFFFFFFFFFFFFFFFFFFFFFFFFFFFFFFFFFFFFFFFFFFFFFFFFFFFFFFFFFFFFFFFFFFFFFFFFFFFFFFFFFFF
FFFFFFFFFFFFFFFFFFFFFFFFFFFFFFFFFFFFFFFFFFFFFFFFFFFFFFFFFFFFFFFFFFFFFFFFFFFFFFFFFFFFFFFFFFFFFFFFFFFFFFFFFFFFFFFFFFFFFFFFFFFFFFFFF
FFFFFFFFFFFFFFFFFFFFFFFFFFFFFFFFFFFFFFFFFFFFFFFFFFFFFFFFFFFFFFFFFFFFFFFFFFFFFFFFFFFFFFFFFFFFFFFFFFFFFFFFFFFFFFFFFFFFFFFFFFFFFFFFF
FFFFFFFFFFFFFFFFFFFFFFFFFFFFFFFFFFFFFFFFFFFFFFFFFFFFFFFFFFFFFFFFFFFFFFFFFFFFFFFFFFFFFFFFFFFFFFFFFFFFFFFFFFFFFFFFFFFFFFFFFFFFFFFFF
FFFFFFFFFFFFFFFFFFFFFFFFFFFFFFFFFFFFFFFFFFFFFFFFFFFFFFFFFFFFFFFFFFFFFFFFFFFFFFFFFFFFFFFFFFFFFFFFFFFFFFFFFFFFFFFFFFFFFFFFFFFFFFFFF
FFFFFFFFFFFFFFFFFFFFFFFFFFFFFFFFFFFFFFFFFFFFFFFFFFFFFFFFFFFFFFFFFFFFFFFFFFFFFFFFFFFFFFFFFFFFFFFFFFFFFFFFFFFFFFFFFFFFFFFFFFFFFFFFF
FFFFFFFFFFFFFFFFFFFFFFFFFFFFFFFFFFFFFFFFFFFFFFFFFFFFFFFFFFFFFFFFFFFFFFFFFFFFFFFFFFFFFFFFFFFFFFFFFFFFFFFFFFFFFFFFFFFFFFFFFFFFFFFFF
FFFFFFFFFFFFFFFFFFFFFFFFFFFFFFFFFFFFFFFFFFFFFFFFFFFFFFFFFFFFFFFFFFFFFFFFFFFFFFFFFFFFFFFFFFFFFFFFFFFFFFFFFFFFFFFFFFFFFFFFFFFFFFFFF
FFFFFFFFFFFFFFFFFFFFFFFFFFFFFFFFFFFFFFFFFFFFFFFFFFFFFFFFFFFFFFFFFFFFFFFFFFFFFFFFFFFFFFFFFFFFFFFFFFFFFFFFFFFFFFFFFFFFFFFFFFFFFFFFF
# Number of players
3
# Starting resources Player Gold Lumber
0 65000 400
1 3000 1500
2 3000 1500
3 3000 1500
# Number of assets
18
# Starting assets Type Owner X Y
GoldMine 0 28 0
GoldMine 0 119 3
TownHall 6 69 13
GoldMine 0 7 19
GoldMine 0 125 24
Peasant 6 71 31
GoldMine 0 68 32
GoldMine 0 29 42
Peasant 2 104 63
GoldMine 0 105 64
GoldMine 0 0 65
TownHall 2 118 71
Peasant 7 38 77
GoldMine 0 37 78
TownHall 7 21 82
GoldMine 0 119 94
GoldMine 0 0 99
GoldMine 0 113 125
