# Map Name
No way out of this maze
# Map Dimensions W x H
128 128
# Map Terrain Data
gggggggggggggggFFFFgGGGGGGgFFFFgGGGGggFFFFggGGGGgGGGGgggggFFFFgggggGGGggGGGGGGGGGGGGGGGGGGGGGgFFFFgggGGGGGGGGGGGGGGGGGGGggGGGGGGG
GGGGGgGGGGGGgggFFFFgGGGGGGgFFFFgGGGGggFFFFggGGGGGGGGGGGgggFFFFgGGGGGGGGGGGGGGGGGGGGGGGGGGGGGGgFFFFgGGGGGGGGGGGGGGGGGGGGGGGGGGGGGG
GGGGGGGGGGGGGggFFFFggGGGGGgFFFFggGGGggFFFFgGGGGGGGGGGGGGGgFFFFgGGGGGGGGGGGGGGGGGGGGGGGGGGGGGggFFFFggGggggGGgggggGGGGggGGGGGgGGGGG
GGgGGGGGGGGGGggFFFFggGGGGggFFFFgGGGGGgFFFFgGGGGGGGGGGGGGGgFFFFggGGGGGGGGGGGGGGGGGGGgGGGGGGGGGgFFFFgggggggggggggggggggggGGGggggggg
GGGGGGGGGGGGGgggFFggggGGGggFFFggGGGGggFFFFggGGGggggggGGGggFFFFggGGGGGGGGGGGGGGGGGGgggggGGGGGggFFFFFFFFFFFFFFFFFFFFFFFgggGGggFFFFF
GGGGGggGgGGgggggggggggGGgggFFFggGGGGgggFFggGGGGgggggggGGggFFFFggggGGGGGggGGGGGGGGGggggggggGGggFFFFFFFFFFFFFFFFFFFFFFFFggGGgFFFFFF
GGGggggGGGGggGgggggggGGGgggFFFFggGGGGggggggGGGgggFFgggGGggFFFFggggggGGggggGGGGGGGgggFFFFgggGGgFFFFFFFFFFFFFFFFFFFFFFFFgGGGgFFFFFF
ggggggggGGGGGGGggGggGGGGGggFFFFggGGGGGGgGGGGGGggFFFFggGGGgFFFFggggggggggggGGGGGGGgggFFFFFggGGgFFFFFFFFFFFFFFFFFFFFFFFggGGGggFFFFF
gggggggggGGGGGGGGGGGGGGGGGgFFFFggGGGGGGGGGGGGGggFFFFgGGGGgFFFFFFFFFFFFFgggGGGGGGGgggFFFFFggGggFFFFggggggggggggggFFFFgggGGGgggFFFF
gggggggggggGggggGGGGggGGGGgFFFFgggggGGggGGGGGGggFFFFgGGGGgFFFFFFFFFFFFFFgggGGGGGGGggFFFFFgGGggFFFFggggGGGGGgGGggFFFFggGGGGgggFFFF
ggggggggggggggggggggggGGGGgFFFFggggggggggggGGGGgFFFFggGGGgFFFFFFFFFFFFFFgggGGGGGGGggFFFFFggGggFFFFgggGGGGGGGGGGgFFFFgGGGGGgggFFFF
FFFFFFFFFFFFFFFFFFgggGGGGGgFFFFFFFFFFFFFFggGGGGgFFFFggGGGgFFFFFFFFFFFFFFggGGGGGGGggggFFFFggGggFFFFggGGGGGGGGGGGgFFFggGGGGGGggFFFF
FFFFFFFFFFFFFFFFFFFggGGGGGgFFFFFFFFFFFFFFFgGGGGgFFFFggGGgggFFFFFFFFFFFFgggGGGGGGgggggFFFFgGGGggFFggGGGGggGGGGGggFFFggGGGGGGGgFFFF
FFFFFFFFFFFFFFFFFFFgggGGGggFFFFFFFFFFFFFFFgGGGGgFFFggGGGGgggggggggggggggggGGGGGgggggFFFFFggGGggggggGGggggggggGggFFFFgGGGGGGGgFFFF
FFFFFFFFFFFFFFFFFFFgggGGGggFFFFFFFFFFFFFFFggggggFFFggGGGGGGGGGGGGggGGggggGGGGGGggGggFFFFFgGGGGgGGggGgggFFFgggGGgFFFFgGGGGGGGgFFFF
FFFFFggFFFFFFFFFFFggGGGGGggFFFFggggggFFFFFggggggFFFFggGGGGGGGGGGGGGGGGggGGGGGGGGGGGgFFFFFgGGGGGGGGGGggFFFFFgGGGgFFFFggGGGGGGgFFFF
ggggggggggggggggggggGGGGGggFFFFgGGGGgFFFFFggggggFFFFgggGGGGGGGGGGGGGGGGGGGGGGGGGGGGgFFFFFgGGGGGGGGGGGgFFFFFgGGGgFFFFggGGGGGGgFFFF
gggggggggGGGggggggGGGGGGGggFFFFgGGGGgFFFFFFFFFFFFFFFggggGGggGGGGgGGGGGGGGGGGGggGGGggFFFFFggGGGGGGGGGggFFFFFgGGggFFFFggGGGGGggFFFF
GGGGGGGGGGGGGGGggGGGGGGGGGgFFFFggGGGgFFFFFFFFFFFFFFFgggggggggggggggGGGGGgggggggGggggFFFFFgggGGGGGGGgggFFFFFgGGGgFFFFgggGGGGggFFFF
GGGGGGGGGGGGGGGGGGGGGgGGGGgFFFFggGGGgFFFFFFFFFFFFFFFFFFFFFFFFFFFggggGGGgggFFggggggggFFFFFgggggGGGGGgggFFFFFggGGgFFFFgGGGGGGggFFFF
gGGGggGGggGGggGGGGGGgggGGggFFFFgGGGGgFFFFFFFFFFFFFFFFFFFFFFFFFFFFgggGGGggFFFFgggggggFFFFFgggggggggggggFFFFFggGGgFFFFgGGGGGGggFFFF
ggggggggggggggGGGGgggggggggFFFFgGGgggFFFFFFFFFFFFFFFFFFFFFFFFFFFFgggGGgggFFFFFFFFFFFFFFFFFFFFFFFFFFFFFFFFFFgGGggFFFFgGGGGGGGgFFFF
FFFFFFFFFFggGGGGGGgFFFFFFFFFFFFgGGgggFFFFFFFFFFFFFFFFFFFFFFFFFFFFggGGGgggFFFFFFFFFFFFFFFFFFFFFFFFFFFFFFFFFFgGGGgFFFFggGGGGGGgFFFF
FFFFFFFFFFFgGGGGGggFFFFFFFFFFFFgGGGggFFFFFFFFFFFFggFFFFFFFFFFFFFgggGGGgggFFFFFFFFFFFFFFFFFFFFFFFFFFFFFFFFFFggGGgFFFFgggGGGGggFFFF
FFFFFFFFFFFggGGGGGgFFFFFFFFFFFFgGGGGgFFFFFggggggggggggggggggggggggGGGGGggFFFFFFFFFFFFFFFFFFFFFFFFFFFFFFFFFggGGGggFFggggGGGGgggFFF
FFFFFFFFFFFgggGGGGgFFFFFFFFFFFFggGGGgFFFFFgggggGGGgggggGGGGggggggGGGGGGgggFFFggggggggggggggggggggggFFFFFggggGGggggggggGGGGGgggggg
FFFFFFFFFFggggGGggggFFFFFFFFFFgggGGggFFFFFggGGGGGGGGGGGGGGGGGgggGGGGGGGgggggggGGgGGgggggGGGGGGgggggFFFFFgggGGGGGggGGgGGGGGGGGGGGG
gggggggggggggGGGGggggFFFFFFggggggGGggFFFFFgGGGGGGGGGGGGGgGGGGGGgGGGGGGGGGGgggGGGGGGGGGGGGGGGGGGgGGgFFFFFggGGGGGGGGGGGGGGGGGGGGGGG
gggGGggGGGggGGGGGGGGgFFFFFFgggGGGGGgggFFFggGGGGGGGGGggggggggGGGGGGGGGGGGGGgGGGGGGGGGGGGGgggggGGGGGgFFFFFgGGGGGGgggGGGGggGGGggGGgg
GGGGGGGGGGGGGGGGGGGggFFFFFFggggGGGGGggggggggGGGGGGGGgggFFggggGGGGGGGGgggGGGGGGGgggggggggggggggGGGggFFFFFgGGGGgggggggggggggggggggg
GGGGGGGGGGGGGGGGGGGggFFFFFFgggggGGGGgggggggGGGGGGGGGggFFFFggggGGGGGggggggGGGGGgggFFFFFFFFFFggggGGggFFFFFgGGGgggFFFFFFFFFFggFFFFFF
GGGGGgGGGGggGGGGGGGGgFFFFFFgGgggGGGGGGGggGGGGGGGGGGGggFFFFgggGGGGGggFFFFgGGGGGggFFFFFFFFFFFgggGGGggFFFFFggGGggFFFFFFFFFFFFFFFFFFF
ggggggggggggggGGGGGGgFFFFFFgGGGGGGGGGGGGGGGGGGGGGGGGGgFFFFgggGGGGGggFFFFggGGGGGgFFFFFFFFFFFFgGGGGGgFFFFFggGGggFFFFFFFFFFFFFFFFFFF
FFFFFFFFFFFFgggGGGGggFFFFFFgGGGGGGGGGGGgGggGGGGGGGGGGgFFFFggGGGGGGggFFFFggGGGGGgFFFFFFFFFFFFgGGGGGgFFFFFggGGGgFFFFFFFFFFFFFFFFFFF
FFFFFFFFFFFFFggggGGggFFFFFFggGgggGGGGGggggggGGGGGGGGGgFFFFggGGGGGGggFFFFggGGGGGgFFFFFFFFFFFFgGGGGggFFFFFggGGGgFFFFFFFFFFFFFFFFFFF
FFFFFFFFFFFFFggggGgggFFFFFFgggggggGGGGggFFggggGGggGGggFFFFgggggGGGggFFFFggGGGGGgFFFFFFFFFFFFggGGGGgggggggGGGGgggFFFFFFFFFFFFFFFFF
FFFFFFFFFFFFFggggGgggFFFFFFFFFFFggGGGGgFFFFgggggggggggFFFFgggggGGGGgFFFFgGGGGGggFFFFFFFFFFFFggGGGGgGGGGggGGGggggFFggggggggggggggg
FFFFFFFFFFFFFgggGGGggFFFFFFFFFFFFggGGGgFFFFFFFFFFFFFFFFFFFFFFFggGGGgFFFFgGGGGGggFFFFFFFFFFFFggGGGGGGGGGGGGGGGgggFFggggggGGggGggGG
FFFFFFFFFFFFgggGGGgggFFFFFFFFFFFFggGGggFFFFFFFFFFFFFFFFFFFFFFFgggGGgFFFFgGGGGGggFFFFFFFFFFFFggGGGGGGGGGGGGGGGgggFFggggggGGGGGGGGG
ggggggggggggggGGGGggggFFFFFFFFFFgggGGggFFFFFFFFFFFFFFFFFFFFFFFggggggFFFFgGGGGGggFFFFFFFFFFFFggGGGGgggggggggGGggggggggggGGGGgGGGGG
gggGGggggGGGGgGGGGGGggggggggggggggGGGGgFFFFFFFFFFFFFFFFFFFFFFgggggggFFFFgGGGGgggFFFFFFFFFFFgggGGggggFFFgggGGGGgggggggggGGGGGGGGGG
gGGGGGGGGGGGGGGGGGGGGGGggggggGGggGGGGGgFFFFgggggggggggggggggggggggggFFFFggGGGGGgggFFFFFFgggggGGGgggFFFFFggGGGGGgggggggggGGGGGGGGG
ggGGGGGGGGGGGGGGGGGGGGGGGGGGGGGGGGGGGggFFFFgggggggggggggggggggggggggFFFFggGGGGGgggFFFFFFggGGGGGggggFFFFFgGGGGGGgggggggggggGGGGGgg
gggGGGGGGGGgggGGGGGGGgGGGGGGGGGGGGGGgggFFFFgggggggggggggggggggggggggFFFFgggGGGGgggFFFFFFggGGGGGGGggFFFFFgGGGGGGggggggggggggGGGggg
gGGGGGGggggggggGGGGggggGGGGGGGgGGGGggggFFFFgggggggggggggggggggggggggFFFFgggGGGGGggFFFFFFgGGGGggGGggFFFFFgGGGGGgggggggggggggGGgggF
GGGGGggggggggggggggggggggGGGGggggggggggFFFFgggggggggggggggggggggggggFFFFggggGGGGggFFFFFFgGGGGggggggFFFFFgGGGGggggggggggggggGGGgFF
GGGGGggFFFFFFFFFFFFFFFFgggGGGgFFFFFFFFFFFFFFFFFFFFFFFFFFFFFFFFFFFFFFFFFFFFFggGGGGgFFFFFFggGGGgggFFFFFFFFgGGGGggggggggggggggGGGgFF
GGGGgggFFFFFFFFFFFFFFFFFggGGggFFFFFFFFFFFFFFFFFFFFFFFFFFFFFFFFFFFFFFFFFFFFFFgGGGGgFFFFFFggGGGggFFFFFFFFFgggGGgggFFFFFFFFggGGGggFF
gGGGgggFFFFFFFFFFFFFFFFFggGGggFFFFFFFFFFFFFFFFFFFFFFFFFFFFFFFFFFFFFFFFFFFFFFgGGGGgFFFFFFggGGGggFFFFFFFFFggGGGGGgFFFFFFFFggGGGGggF
GGGGGgggFFFFFFFFFFFFFFFFggGGggFFFFFFFFFFFFFFFFFFFFFFFFFFFFFFFFFFFFFFFFFFFFFgggGGGggFFFFggggGGGgFFFFFFFFgggGGGGGgFFFFFFFgggGGGGggg
GGGGGggggggggFFFFFggggggggGGggggggggggggggggggggggggggggggggggggFFFFggggggggggGGGgggggggggGGGGgFFFFggggggGGGGGggFFFFFFFggggGGGgGG
gGGGGGgggGGggFFFFFgGGgggGGGGgggGGgggggGGGGGGGGGGGGGGggGGGGGgggggFFFFgggGGGGGgGGGGgggGGggGGGGGggFFFFggGGGGGGGGGggFFFFFFFgGGGGGGGGG
ggGGGGGGGGGggFFFFFgGGGGGGGGGGGGGGGGgGGGGGGGGGGGGGGGGGGGGGGGGggggFFFFggGGGGGGGGGGGggGGGGGGGGGGggFFFFgGGGGGGGGGGggFFFFFFFgGGGGgGGGG
ggggGGGGGGGGgFFFFFggGGGGGGgGGGGGGGGGGGGgggGGGGGGGGGGGGGGGGGGGGggFFFFggGGGGGGGGGGGGGGGGGGGGGGGGgFFFFgGGGGGGGgggggFFFFFFFgGGGGGGGGG
gggggggGGGGGgFFFFFggGGGGggggggGGGGGGGGggggggGGGGGGGGggggggGGGGggFFFFgggggGGGggggGGGgGGggGGggGGgFFFFggGGgGGGggFFFFFFFFFFgGGGGGGGGg
FFFFFggGGGGGgFFFFFggGGGggggggggGGGGGGGggFFggGGGGGGGGggFFggGGGGGgFFFFgggggggggggggggggggggggggggFFFFggggggGGGgFFFFFFFFFFggGGGGGggg
FFFFFgGGGGGggFFFFFggGGGgggFFgggGGGGGGGgFFFFggGGGGGGggFFFFggGGGGgFFFFFFFFFFFFFFFFFFFFFFFFFFFFFFFFFFFFFFggggGGgFFFFFFFFFFggGGgggggg
FFFFFgGGGGGgggFFFgggGGGggFFFFggGGGGGGggFFFFggGGGGGGggFFFFggGGGGgFFFFFFFFFFFFFFFFFFFFFFFFFFFFFFFFFFFFFFFggGGgggFFFFFFFFFggGGggFFFF
FFFFggGGGGGGggggggggGGGggFFFFggGGGGGGggFFFFgggGGGGgggFFFFgGGGGGgFFFFFFFFFFFFFFFFFFFFFFFFFFFFFFFFFFFFFFFgGGGgggggggFFFFFgGGggFFFFF
gggggggGGGGGGGGGGGGGGGgggFFFFgggGGGggggFFFFggGGGGGgggFFFFgGGGGGgFFFFFFFFFFFFFFFFFFFFFFFFFFFFFFFFFFFFFFggGGGGgGGGggFFFFFgGGggFFFFF
GGGGGGGGGGGGGGGGGGGGGGGggFFFFggggggggggFFFFggGGGGGGggFFFFgGGGGGgFFFFFFFFFFFFFFFFFFFFFFFFFFFFFFFFFFFFFggggGGGGGGGggFFFFFgGGGggFFFF
GGGGGGGGGGGGggGGgGGGGGGGgFFFFFFFFFFFFFFFFFFgggGGGGGggFFFFggGGGggFFFFgggggggggggggggFFFFFgggggggggggggggggGGGGGGgggFFFFFgGGGgggggg
ggggggggggggggggggggGGGGgFFFFFFFFFFFFFFFFFFggGGGGGGggFFFFggGGGggFFFFgggggGGGggggGGgFFFFFgggggGGggggGGGGGGGGGGGggggFFFFFggGGGgggGG
FFFFFFFFFFFFFFFFFFgggGGGgFFFFFFFFFFFFFFFFFgggGGGGGGGgFFFggGGGgggFFFFgggGGGGGGGGGGGgFFFFFgggGGGGGGGGGGGGGGGGGGGGgggFFFFFggGGGGGgGG
FFFFFFFFFFFFFFFFFFFggGGggFFFFFFFFFFFFFFFFFggGGGGGGGGgFFFggGGGGggFFFFggGGGGGGGGGGGggFFFFFggGGGGGGGGGGGggGGGGGGGGgggFFFFFggggGGGGGG
FFFFFFFFFFFFFFFFFFFggGGggFFFFFFFFFFFFFFFFFFgGGGGGGGGgFFFFggGGGGggFFggGGGGGGGGGGGgggFFFFFggGGGGGGGggggggggGGGGGGgggFFFFFFFFgGGGGGG
FFFFFFFFFFFFFFFFFFFgGGGGgFFFFFFFFFFFFFFFFFFgGGGGGGGggFFFFgGGGGGggggggGGGGGGGGGGGGggFFFFFggGGGGGGgggggFFgggGGGGGGggFFFFFFFFggGGGGG
FFFFFFFFFFFFFFFFFFFggGGGgFFFFggggggggFFFFFFgGGGGGGGggFFFFgGGGGGgGGggGGGGGGGGGGGGGggFFFFFgGGGGGGGggggFFFFggGGGGGGggFFFFFFFFggGGGGG
FFFFFFFFFFFFFFFFFFgggGGggFFFFggggggggFFFFFFggGGGGGgggFFFFggGGGGGGGGGGGGGGGGGGGGGGgggFFFggGGGGGGGGGGgFFFFggGGGGGGGgFFFFFFFFgggGGGG
FFFFggggggggggggggggGGGggFFFFgggGGgggFFFFFFggGGGGGgggFFFFgggGGGGGGGGGgGGGGGGGGGGGggggggggGGGGGGGGGGgFFFFgggGGGGGGgFFFFFFFgggGGGGG
FFFFggggGGGGGGGGggGGGGGgggFFggggGGgggFFFFFFggGGGGGGggFFFFgggggGGGGGgggggGGGGGggGGGGggggGGGGGGgggGGGgFFFFggggGGGGGgFFFFFggggGGGGGG
FFFFgggGGGGGGggGGGGGGGGGggggggGGGggggFFFFFFggggGGGGggFFFFggggggggggggggggggggggGGGGGGGGGGGGgggggggggFFFFggggggggggFFFFFggGGGGggGG
FFFFggGGGggggggggggGGGGGGGGGgGGGGGgggFFFFFFggggggggggFFFFFFFFFFFFFFFFFFFFFFFFFggGGGGGGGGGGGggggFFFFFFFFFFFFFFFFggFFFFFFggGGgggggg
FFFFgggGGggFFFFFFggGGGGGGGGGGGGGGGgggFFFFFFFFFFFFFFFFFFFFFFFFFFFFFFFFFFFFFFFFFggGGGGGGGGGGggggFFFFFFFFFFFFFFFFFFFFFFFFFgGGGggFFFF
FFFFgggGGgFFFFFFFFgGGggGGGggGGGggggggFFFFFFFFFFFFFFFFFFFFFFFFFFFFFFFFFFFFFFFFFgggGGGGGGGGGGGggFFFFFFFFFFFFFFFFFFFFFFFFFgGGGgFFFFF
FFFFggGGggFFFFFFFFgggggggggggggggggggFFFFFFFFFFFFFFFFFFFFFFFFFFFFFFFFFFFFFFFFFggGGGGGGGGGGGGggFFFFFFFFFFFFFFFFFFFFFFFFFgGGggFFFFF
FFFFgGGGggFFFFFFFFFFFFFFFFFFFFFFFFFFFFFFFFFFFFFFFFFFFFFFFFFFFFFFFFFFFFFFFFFFFFgGGGGGGgggGGGGGgFFFFFFFFFFFFFFFFFFFFFFFFggGGGggFFFF
FFFFgGGGGgFFFFFFFFFFFFFFFFFFFFFFFFFFFFFFFFFgggggggggggggggggggggggFFFFgggggggggGGGgggggggGGGGgFFFFFgggggggggggggggggggggGGGgggggg
FFFFgGggGgFFFFFFFFFFFFFFFFFFFFFFFFFFFFFFFFFgggGGgggGGGGGGGGgggggggFFFFgggggggGGGGgggFFFggGGGGgFFFFFggggGGGGgggGGGGggggGGGGGGGGGGG
FFFFggggGgFFFFFFFFFFFFFFFFFFFFFFFFFFFFFFFFFggGGGggGGGGGGGGGGGGggggFFFFggGGGGGGGGGGgFFFFFgGGGggFFFFFggGGGGGGGGGGGGGGGGGGGGGGGGGGGG
FFFFggGGGgFFFFFFFggggggggggggggggggggFFFFFFgGGGGGGGGGGGGGGGGGGGgggFFFFggGGGGGGGGGGgFFFFFggGGggFFFFFgGGGGGGggGGgggGggGGGGgggGGGGGG
FFFggGGGGggFFFFFFgggGGGGggggGGGgggGGgFFFFFFgGGGGGGGGGGGGggGGGGGgggFFFFggGGGGGGGGGggFFFFFggGGggFFFFFgGGGggggggggggggggGGGggggggggg
gggggGGGgggggggggggGGGGGGGggGGGggGGGgFFFFFFgGGGGGGGGggggggGGGGGGGgFFFFggGGGGGGGGGggFFFFFgGGGggFFFFFggGGgFFFFFFFFFFFFgGGgggFFFFFFF
GGGGGGGGgggGGGgggGGGGGGGGGGgggGGGGGggFFFFFFggGGGGGGgggFFgggGGGGGGggFFgggGGGGGGGGGGgFFFFFgGGGGgFFFFFggGggFFFFFFFFFFFFggGggFFFFFFFF
GGGGGGGGGGGGGGGGGGGGGGGGGGGGGGGGGGGggFFFFFFggggGGGgggFFFFggGGGGGgggggggGGGGGGGGGGGgFFFFFgGGGGgFFFFFgGGggFFFFFFFFFFFFggGGgFFFFFFFF
GGGGGGGGGGGGGGGGGGGGGGGGGGGGGGGGGGGGgFFFFFFgggggGGgggFFFFggGGGGGggGGGGGGGGGGGGGGGGgFFFFFgGGGgggFFFggGGGgFFFFFFFFFFFggGGgggFFFFFFF
GGGGGGGGGGGGGGGGGGGGGGGGGGGGGGGGGGGGgFFFFFFgggGGGGgggFFFFggGGgGGGGGGggGGGGGGGGGGGGgFFFFFggGGGggggggggGGgFFFFgggggggggGGgggggggggg
GGGGGGggGggGGGgggggGGGGGGGGGGGGGGGGggFFFFFFggGGGGggggFFFFgggggggggggggggggggGGGGGggFFFFFgggGGGGGggGGGGGgFFFFgGGGGGggGGGGggggggGGg
gggggggggggggggggggggggGGGGGGGGGGGGggFFFFFFggGGGGggggFFFFFFFFFFFFFFFFFFFFFggGGGGGggFFFFFgggGGGGGGGGGGGggFFFFgGGGGGGGGGGGGgggGGGGG
FFFFFFFFFFFFFFFFFFFFggGGGGGGgggGGggggFFFFFFgGGGGGggggFFFFFFFFFFFFFFFFFFFFFFggGGGGggFFFFFggGGGGGGGGGGGGggFFFFggggggGGggGGGgGGGGGGG
FFFFFFFFFFFFFFFFFFFFFgGGGGGggggggggggFFFFFFggGGGGGGggFFFFFFFFFFFFFFFFFFFFFFggGGGGGgFFFFFggGGGGggGGGGGGggFFFFgggggggggggGGGGGGGGGG
FFFFFFFFFFFFFFFFFFFFFggGGGggFFFFFFFFFFFFFFFgggGGGGGggFFFFFFFFFFFFFFFFFFFFFggggGGGGgFFFFFgGGGggggggggGGGgFFFFFFFFFFFFgggGGGGGGGGgg
FFFFFFFFFFFFFFFFFFFFFggGGgggFFFFFFFFFFFFFFFgGGGGGGggggFFFggggggggggggggggggggGGGGGgFFFFFgGGGGggFFFggGGGgFFFFFFFFFFFFgggGGGGGggggg
FFFFFFFFFFFFFFFFFFFFFgGGGgggFFFFFFFFFFFFFFFgGGGGGGggggFFFggggGGGgggggGGGGGggGGGGGGgFFFFFgGGGGgFFFFFgGGGgFFFFFFFFFFFFFggGGGggggggg
FFFFFFFFFFFFFFFFFFFFggGGGGGgFFFFFFFFFFFFFFFgGGGGGGGGgFFFFgGGGGGGGGGGGGGGGGGGGGGGGggFFFFFggGGGgFFFFFgGGGgFFFFFFFFFFFFFgGGGGggFFFFF
ggggggggggggggggggggggGGGGggFFFFFFFFFFFFFFggGGGGGGGGgFFFFgGGGGGGGggGGGGggGGGGGGGgggFFFFFgGGGGgFFFFFgGGGggFFFFFFFFFFFFgGGGggFFFFFF
ggggggggggGGGgggggggggGGGGggggggggggggggggggGGGGGGGGgFFFFgGGGgggggggggggggggGGGGgggFFFFFgGGGGgFFFFFgGGGggggggggggFFFFggGGGgFFFFFF
ggggGGGGGGGGGGGggggGGGGGGGGggggGGGGGGGgggggGGGGGGgGGgFFFFgGGGggFFFFFFFFFFFgggGGGgggFFFFFgGGGGggFFFFgGGGGGGGGGGGggFFFFggGGGggFFFFF
gggGGGGGGGGGGGGGgGGGGGGGGGGGGGGGGGGGGGGGGGGGGGGGGGgggFFFFgGGGgFFFFFFFFFFFFFggGGGGggFFFFFggGGGggFFFFgGGGGGGGGGGGGgFFFFgGGGGggggggg
gggGGGGGGGGGGGGGGGGGGGGGGGGGGGGGGGGGGGGGGGGGGGGGGggggFFFFgGGggFFFFFFFFFFFFFggggGGggFFFFFggGGggFFFFFgggggggggGGGGgFFFFgGGgggGGggGG
ggGGGGGGGGGgGGGGGGGGGGGGGGGGGGGGGGGGGGGggggggGGGGggggFFFFgGGgggFFFFFFFFFFFFgggGGGGgFFFFFgGGGggFFFFFFFFFFFFgggGGGgFFFFggGGGGGGGGGG
ggGGGGGggGGgggGGGGGggggGGGgggggGGGGGGGgggFFggGGGGGGGgFFFFgGGGggggggggggFFFFgggGGGggFFFFFgGGGggFFFFFFFFFFFFFgggGGgFFFFggGGGGGGGGGG
ggGGGggggggggggGGGggggggggggggggGGGGGGggFFFFggGGGGGGgFFFFggGGGGGGGgggggFFFFgGGGGGggFFFFFggGGGgFFFFFFFFFFFFFggGGggFFFFgGGGGgggGGGG
GGGGGgggFFFFgggGGGgggFFFggFFFgggggGGGGggFFFFgggGGGGggFFFFggGGGGGGGGGGggFFFFgGGGGGGgFFFFFggGGGgFFFFFFFFFFFFFgGGGGgFFFFgGGGgggggGGG
GGGGGGgFFFFFFgggGGggFFFFFFFFFFggggggggggFFFFgggGGGgggFFFFggGGGGgGGGGGggFFFFgGGGGggggFFFggGGGGggFFFFFFFFFFFFgGGGGgFFFFgGGgggFFgGGG
GGGGGGgFFFFFFgggGGggFFFFFFFFFFggggggggggFFFFgggggggggFFFFgggggggggGGGGgFFFFggGGGGggggggggGGGgggggggggggFFFFggGGGgFFFFggGGgFFFggGG
GGGGGggFFFFFFggGGGggFFFFFFFFFFFFFFFFFFFFFFFFFFFFFFFFFFFFFFFFFFFFgggGGGgFFFFggGGGGGGgGGGGGGGGggggGGGgGGgFFFFggGGGgFFFFggGGgFFFgggG
GGGGGggFFFFFFggGGGGgFFFFFFFFFFFFFFFFFFFFFFFFFFFFFFFFFFFFFFFFFFFFFggGGGgFFFFggGGGGGGGGGGGGGGGGGGGGGGGGGgFFFFgGGGggFFFFgGGGgFFFgggG
GGGGgggFFFFFFgGGGGGgFFFFFFFFFFFFFFFFFFFFFFFFFFFFFFFFFFFFFFFFFFFFFggGGGgFFFFgggGGggGGGgggGGGGGGGGGGGGGggFFFFgGGGGgFFFFggGGgFFFggGG
GGGGgggFFFFFFgGGGGGgFFFFFFFFFFFFFFFFFFFFFFFFFFFFFFFFFFFFFFFFFFFFggGGGGgFFFFgggggggggggggggGGGGgggggggggFFFFgGGGGgFFFFgggggFFFgggg
GGGGGggFFFFFFgGGGGGggFFFFFFFFFggggggggggFFFFgggggggggFFFFgggggggggGGGGgFFFFFFFFFFFFFFFFFgggGGgggFFFFFFFFFFFggGGGgFFFFFFFFFFFFFFFF
GGGGGgggFFFFFgGGGGgggggggggggggGGGgggGGgFFFFgggGGGggggFFggggGGGggggGGGgFFFFFFFFFFFFFFFFFFgggGggFFFFFFFFFFFFggGGggFFFFFFFFFFFFFFFF
GGGGggggFFFFFggGGGGgggGGGGggggGGGGgGGGGgFFFFgggGGGGGgggggggGGGGggGGGGGgFFFFFFFFFFFFFFFFFFgggGGgFFFFFFFFFFFFgGGGggFFFFFFFFFFFFFFFF
GGGGgggFFFFFFgggGGGGGGGGGGGGGGGGGGGGGGGgFFFFgggGGGGGGgggggGGGGGGGGGGGGgFFFFFFFFFFFFFFFFFgggGGgggFFFFFFFFFFFgGGGggFFFFFFFFFFFFFFFF
GGgggggFFFFFFggggGGGGGGGGGGGGGGGGGGGGGggFFFFgggGGGGGGGGGgGGGGGGGGGGGGGgFFFFgggggggggggggggGGGGgggggggggFFFFgGGGGggggggggggggggggg
gggggggFFFFFFgggggggGGGGGgggggggGGGGGgggFFFFgggGGGGGGGGGGGGgggggggGGGGgFFFFggGGGGGGGggGGGGGGGGGGGGGGGGgFFFFggGGGGgGGGGgggggggGGgg
FFFFFFFFFFFFFFFFFFggGGGGgggFFFgggGGGGgggFFFFggggGGGGGGGGGGGgggFFggGGGggFFFFggGGGGGGGGGGGggGGggGGGGGGGGgFFFFggGGGGGGGGGgGGGGGGGGGG
FFFFFFFFFFFFFFFFFFFgggGGggFFFFFgggGGggggFFFFgggggGGGGGGGGGGGgFFFFgGGGggFFFFggGGGggggggggggggggggGGGggggFFFFgggggGGGGGGGGGGGGGGGGG
FFFFFFFFFFFFFFFFFFFgggGGggFFFFFgggGGGgggFFFFggggggggGGGgGGGGgFFFFgGGGGgFFFFgGGGGgFFFFFFFFFFFFgggGGgggFFFFFFFFFgggGGGGGGGGGGGGGGGG
FFFFFFFFFFFFFFFFFFFgggGGggFFFFFgggGGGGggFFFFgggggggggggggggggFFFFgGGGGgFFFFgGGGggFFFFFFFFFFFFFggGGggFFFFFFFFFFFggGGGGGGGGGGGGGGGG
FFFFFFFFFFFFFFFFFFgggGGGGgFFFFFgggGGGGGgFFFFFFFFFFFFFFFFFFFFFFFFFgGGGGgFFFFgGGGggFFFFFFFFFFFFFgGGGGgFFFFFFFFFFFggGGGGGGGGGGGGGGGG
gggggggggggggggggggggGGGGgFFFFFggGGGGGGgFFFFFFFFFFFFFFFFFFFFFFFFFgGGGGgFFFFggGGggFFFFFFFFFFFFFgGGGggFFFFFFFFFFggggGGGggggggGGGGGG
gggggggggGGggggggggGGGGGGgFFFFFggGGGGgggFFFFFFFFFFFFFFFFFFFFFFFFFgGGGGgFFFFggGGGgFFFFFFFFFFFFggGGGgggFFFFFFFFFggggGGgggFFgggGGGGG
ggGGggggGGGGgGGggggGGGGGGgFFFFFgGGGGGGgggFFFFFFFFFFFFFFFFFFFFFFFgggGGGgFFFFggGGGgFFFFFgggggggggGGGgggggggggFFFFgggGGggFFFFggGGGGG
ggGGGggggGGGgGGgggGGGGGGGgFFFFFgGGGGGGgggggggggggggggggggggggggggggGGGgFFFFggGGGgFFFFFggggggGGGGGGGGGggggggFFFFggGGGggFFFFgggGGGG
ggGGGGggggGGGgGGgGGGGGGGGgFFFFFgGGGGGGGgggggggGGgggggggggGGgggggggGGGggFFFFggGGGgFFFFFgggGGGGGGGGGGGGGGggggFFFFggGGGggFFFFgggGGGG
ggGGGGGGggGGGGGGGGGGGGGGGgFFFFFgGGGGGGGGgggGGGGGggGGGggGGGGGGgggGGGGGggFFFFgGGGGgFFFFFggGGGGGGGGGGGGGGGGGGgFFFFggGGGGgFFFFgggGGGG
GGGGGGGGGGGGGGGGGGGGGGGGGgFFFFFggGGGGGGGGGGGGGGGGGGGGGGGGGGGGGGGGGGGGggFFFFgGGGGgFFFFFggGGGGGGGGGGGGGGGGGggFFFFgGGGGGgFFFFgggGGGG
GGGGgGGggGGGGGGgGGGGGgGGGgFFFFFggGGGGGggGGGGGGGGGGGGgGGGGGGGgGGGGGGGGggFFFFgGGGGgFFFFFggGGgggGGGGGGGGGGGGggFFFFgGGGGGgFFFFggggGGg
# Map Partial Bits
FFFFFFFFFFFFFFFFFFFFFFFFFFFFFFFFFFFFFFFFFFFFFFFFFFFFFFFFFFFFFFFFFFFFFFFFFFFFFFFFFFFFFFFFFFFFFFFFFFFFFFFFFFFFFFFFFFFFFFFFFFFFFFFFF
FFFFFFFFFFFFFFFFFFFFFFFFFFFFFFFFFFFFFFFFFFFFFFFFFFFFFFFFFFFFFFFFFFFFFFFFFFFFFFFFFFFFFFFFFFFFFFFFFFFFFFFFFFFFFFFFFFFFFFFFFFFFFFFFF
FFFFFFFFFFFFFFFFFFFFFFFFFFFFFFFFFFFFFFFFFFFFFFFFFFFFFFFFFFFFFFFFFFFFFFFFFFFFFFFFFFFFFFFFFFFFFFFFFFFFFFFFFFFFFFFFFFFFFFFFFFFFFFFFF
FFFFFFFFFFFFFFFFFFFFFFFFFFFFFFFFFFFFFFFFFFFFFFFFFFFFFFFFFFFFFFFFFFFFFFFFFFFFFFFFFFFFFFFFFFFFFFFFFFFFFFFFFFFFFFFFFFFFFFFFFFFFFFFFF
FFFFFFFFFFFFFFFFFFFFFFFFFFFFFFFFFFFFFFFFFFFFFFFFFFFFFFFFFFFFFFFFFFFFFFFFFFFFFFFFFFFFFFFFFFFFFFFFFFFFFFFFFFFFFFFFFFFFFFFFFFFFFFFFF
FFFFFFFFFFFFFFFFFFFFFFFFFFFFFFFFFFFFFFFFFFFFFFFFFFFFFFFFFFFFFFFFFFFFFFFFFFFFFFFFFFFFFFFFFFFFFFFFFFFFFFFFFFFFFFFFFFFFFFFFFFFFFFFFF
FFFFFFFFFFFFFFFFFFFFFFFFFFFFFFFFFFFFFFFFFFFFFFFFFFFFFFFFFFFFFFFFFFFFFFFFFFFFFFFFFFFFFFFFFFFFFFFFFFFFFFFFFFFFFFFFFFFFFFFFFFFFFFFFF
FFFFFFFFFFFFFFFFFFFFFFFFFFFFFFFFFFFFFFFFFFFFFFFFFFFFFFFFFFFFFFFFFFFFFFFFFFFFFFFFFFFFFFFFFFFFFFFFFFFFFFFFFFFFFFFFFFFFFFFFFFFFFFFFF
FFFFFFFFFFFFFFFFFFFFFFFFFFFFFFFFFFFFFFFFFFFFFFFFFFFFFFFFFFFFFFFFFFFFFFFFFFFFFFFFFFFFFFFFFFFFFFFFFFFFFFFFFFFFFFFFFFFFFFFFFFFFFFFFF
FFFFFFFFFFFFFFFFFFFFFFFFFFFFFFFFFFFFFFFFFFFFFFFFFFFFFFFFFFFFFFFFFFFFFFFFFFFFFFFFFFFFFFFFFFFFFFFFFFFFFFFFFFFFFFFFFFFFFFFFFFFFFFFFF
FFFFFFFFFFFFFFFFFFFFFFFFFFFFFFFFFFFFFFFFFFFFFFFFFFFFFFFFFFFFFFFFFFFFFFFFFFFFFFFFFFFFFFFFFFFFFFFFFFFFFFFFFFFFFFFFFFFFFFFFFFFFFFFFF
FFFFFFFFFFFFFFFFFFFFFFFFFFFFFFFFFFFFFFFFFFFFFFFFFFFFFFFFFFFFFFFFFFFFFFFFFFFFFFFFFFFFFFFFFFFFFFFFFFFFFFFFFFFFFFFFFFFFFFFFFFFFFFFFF
FFFFFFFFFFFFFFFFFFFFFFFFFFFFFFFFFFFFFFFFFFFFFFFFFFFFFFFFFFFFFFFFFFFFFFFFFFFFFFFFFFFFFFFFFFFFFFFFFFFFFFFFFFFFFFFFFFFFFFFFFFFFFFFFF
FFFFFFFFFFFFFFFFFFFFFFFFFFFFFFFFFFFFFFFFFFFFFFFFFFFFFFFFFFFFFFFFFFFFFFFFFFFFFFFFFFFFFFFFFFFFFFFFFFFFFFFFFFFFFFFFFFFFFFFFFFFFFFFFF
FFFFFFFFFFFFFFFFFFFFFFFFFFFFFFFFFFFFFFFFFFFFFFFFFFFFFFFFFFFFFFFFFFFFFFFFFFFFFFFFFFFFFFFFFFFFFFFFFFFFFFFFFFFFFFFFFFFFFFFFFFFFFFFFF
FFFFFFFFFFFFFFFFFFFFFFFFFFFFFFFFFFFFFFFFFFFFFFFFFFFFFFFFFFFFFFFFFFFFFFFFFFFFFFFFFFFFFFFFFFFFFFFFFFFFFFFFFFFFFFFFFFFFFFFFFFFFFFFFF
FFFFFFFFFFFFFFFFFFFFFFFFFFFFFFFFFFFFFFFFFFFFFFFFFFFFFFFFFFFFFFFFFFFFFFFFFFFFFFFFFFFFFFFFFFFFFFFFFFFFFFFFFFFFFFFFFFFFFFFFFFFFFFFFF
FFFFFFFFFFFFFFFFFFFFFFFFFFFFFFFFFFFFFFFFFFFFFFFFFFFFFFFFFFFFFFFFFFFFFFFFFFFFFFFFFFFFFFFFFFFFFFFFFFFFFFFFFFFFFFFFFFFFFFFFFFFFFFFFF
FFFFFFFFFFFFFFFFFFFFFFFFFFFFFFFFFFFFFFFFFFFFFFFFFFFFFFFFFFFFFFFFFFFFFFFFFFFFFFFFFFFFFFFFFFFFFFFFFFFFFFFFFFFFFFFFFFFFFFFFFFFFFFFFF
FFFFFFFFFFFFFFFFFFFFFFFFFFFFFFFFFFFFFFFFFFFFFFFFFFFFFFFFFFFFFFFFFFFFFFFFFFFFFFFFFFFFFFFFFFFFFFFFFFFFFFFFFFFFFFFFFFFFFFFFFFFFFFFFF
FFFFFFFFFFFFFFFFFFFFFFFFFFFFFFFFFFFFFFFFFFFFFFFFFFFFFFFFFFFFFFFFFFFFFFFFFFFFFFFFFFFFFFFFFFFFFFFFFFFFFFFFFFFFFFFFFFFFFFFFFFFFFFFFF
FFFFFFFFFFFFFFFFFFFFFFFFFFFFFFFFFFFFFFFFFFFFFFFFFFFFFFFFFFFFFFFFFFFFFFFFFFFFFFFFFFFFFFFFFFFFFFFFFFFFFFFFFFFFFFFFFFFFFFFFFFFFFFFFF
FFFFFFFFFFFFFFFFFFFFFFFFFFFFFFFFFFFFFFFFFFFFFFFFFFFFFFFFFFFFFFFFFFFFFFFFFFFFFFFFFFFFFFFFFFFFFFFFFFFFFFFFFFFFFFFFFFFFFFFFFFFFFFFFF
FFFFFFFFFFFFFFFFFFFFFFFFFFFFFFFFFFFFFFFFFFFFFFFFFFFFFFFFFFFFFFFFFFFFFFFFFFFFFFFFFFFFFFFFFFFFFFFFFFFFFFFFFFFFFFFFFFFFFFFFFFFFFFFFF
FFFFFFFFFFFFFFFFFFFFFFFFFFFFFFFFFFFFFFFFFFFFFFFFFFFFFFFFFFFFFFFFFFFFFFFFFFFFFFFFFFFFFFFFFFFFFFFFFFFFFFFFFFFFFFFFFFFFFFFFFFFFFFFFF
FFFFFFFFFFFFFFFFFFFFFFFFFFFFFFFFFFFFFFFFFFFFFFFFFFFFFFFFFFFFFFFFFFFFFFFFFFFFFFFFFFFFFFFFFFFFFFFFFFFFFFFFFFFFFFFFFFFFFFFFFFFFFFFFF
FFFFFFFFFFFFFFFFFFFFFFFFFFFFFFFFFFFFFFFFFFFFFFFFFFFFFFFFFFFFFFFFFFFFFFFFFFFFFFFFFFFFFFFFFFFFFFFFFFFFFFFFFFFFFFFFFFFFFFFFFFFFFFFFF
FFFFFFFFFFFFFFFFFFFFFFFFFFFFFFFFFFFFFFFFFFFFFFFFFFFFFFFFFFFFFFFFFFFFFFFFFFFFFFFFFFFFFFFFFFFFFFFFFFFFFFFFFFFFFFFFFFFFFFFFFFFFFFFFF
FFFFFFFFFFFFFFFFFFFFFFFFFFFFFFFFFFFFFFFFFFFFFFFFFFFFFFFFFFFFFFFFFFFFFFFFFFFFFFFFFFFFFFFFFFFFFFFFFFFFFFFFFFFFFFFFFFFFFFFFFFFFFFFFF
FFFFFFFFFFFFFFFFFFFFFFFFFFFFFFFFFFFFFFFFFFFFFFFFFFFFFFFFFFFFFFFFFFFFFFFFFFFFFFFFFFFFFFFFFFFFFFFFFFFFFFFFFFFFFFFFFFFFFFFFFFFFFFFFF
FFFFFFFFFFFFFFFFFFFFFFFFFFFFFFFFFFFFFFFFFFFFFFFFFFFFFFFFFFFFFFFFFFFFFFFFFFFFFFFFFFFFFFFFFFFFFFFFFFFFFFFFFFFFFFFFFFFFFFFFFFFFFFFFF
FFFFFFFFFFFFFFFFFFFFFFFFFFFFFFFFFFFFFFFFFFFFFFFFFFFFFFFFFFFFFFFFFFFFFFFFFFFFFFFFFFFFFFFFFFFFFFFFFFFFFFFFFFFFFFFFFFFFFFFFFFFFFFFFF
FFFFFFFFFFFFFFFFFFFFFFFFFFFFFFFFFFFFFFFFFFFFFFFFFFFFFFFFFFFFFFFFFFFFFFFFFFFFFFFFFFFFFFFFFFFFFFFFFFFFFFFFFFFFFFFFFFFFFFFFFFFFFFFFF
FFFFFFFFFFFFFFFFFFFFFFFFFFFFFFFFFFFFFFFFFFFFFFFFFFFFFFFFFFFFFFFFFFFFFFFFFFFFFFFFFFFFFFFFFFFFFFFFFFFFFFFFFFFFFFFFFFFFFFFFFFFFFFFFF
FFFFFFFFFFFFFFFFFFFFFFFFFFFFFFFFFFFFFFFFFFFFFFFFFFFFFFFFFFFFFFFFFFFFFFFFFFFFFFFFFFFFFFFFFFFFFFFFFFFFFFFFFFFFFFFFFFFFFFFFFFFFFFFFF
FFFFFFFFFFFFFFFFFFFFFFFFFFFFFFFFFFFFFFFFFFFFFFFFFFFFFFFFFFFFFFFFFFFFFFFFFFFFFFFFFFFFFFFFFFFFFFFFFFFFFFFFFFFFFFFFFFFFFFFFFFFFFFFFF
FFFFFFFFFFFFFFFFFFFFFFFFFFFFFFFFFFFFFFFFFFFFFFFFFFFFFFFFFFFFFFFFFFFFFFFFFFFFFFFFFFFFFFFFFFFFFFFFFFFFFFFFFFFFFFFFFFFFFFFFFFFFFFFFF
FFFFFFFFFFFFFFFFFFFFFFFFFFFFFFFFFFFFFFFFFFFFFFFFFFFFFFFFFFFFFFFFFFFFFFFFFFFFFFFFFFFFFFFFFFFFFFFFFFFFFFFFFFFFFFFFFFFFFFFFFFFFFFFFF
FFFFFFFFFFFFFFFFFFFFFFFFFFFFFFFFFFFFFFFFFFFFFFFFFFFFFFFFFFFFFFFFFFFFFFFFFFFFFFFFFFFFFFFFFFFFFFFFFFFFFFFFFFFFFFFFFFFFFFFFFFFFFFFFF
FFFFFFFFFFFFFFFFFFFFFFFFFFFFFFFFFFFFFFFFFFFFFFFFFFFFFFFFFFFFFFFFFFFFFFFFFFFFFFFFFFFFFFFFFFFFFFFFFFFFFFFFFFFFFFFFFFFFFFFFFFFFFFFFF
FFFFFFFFFFFFFFFFFFFFFFFFFFFFFFFFFFFFFFFFFFFFFFFFFFFFFFFFFFFFFFFFFFFFFFFFFFFFFFFFFFFFFFFFFFFFFFFFFFFFFFFFFFFFFFFFFFFFFFFFFFFFFFFFF
FFFFFFFFFFFFFFFFFFFFFFFFFFFFFFFFFFFFFFFFFFFFFFFFFFFFFFFFFFFFFFFFFFFFFFFFFFFFFFFFFFFFFFFFFFFFFFFFFFFFFFFFFFFFFFFFFFFFFFFFFFFFFFFFF
FFFFFFFFFFFFFFFFFFFFFFFFFFFFFFFFFFFFFFFFFFFFFFFFFFFFFFFFFFFFFFFFFFFFFFFFFFFFFFFFFFFFFFFFFFFFFFFFFFFFFFFFFFFFFFFFFFFFFFFFFFFFFFFFF
FFFFFFFFFFFFFFFFFFFFFFFFFFFFFFFFFFFFFFFFFFFFFFFFFFFFFFFFFFFFFFFFFFFFFFFFFFFFFFFFFFFFFFFFFFFFFFFFFFFFFFFFFFFFFFFFFFFFFFFFFFFFFFFFF
FFFFFFFFFFFFFFFFFFFFFFFFFFFFFFFFFFFFFFFFFFFFFFFFFFFFFFFFFFFFFFFFFFFFFFFFFFFFFFFFFFFFFFFFFFFFFFFFFFFFFFFFFFFFFFFFFFFFFFFFFFFFFFFFF
FFFFFFFFFFFFFFFFFFFFFFFFFFFFFFFFFFFFFFFFFFFFFFFFFFFFFFFFFFFFFFFFFFFFFFFFFFFFFFFFFFFFFFFFFFFFFFFFFFFFFFFFFFFFFFFFFFFFFFFFFFFFFFFFF
FFFFFFFFFFFFFFFFFFFFFFFFFFFFFFFFFFFFFFFFFFFFFFFFFFFFFFFFFFFFFFFFFFFFFFFFFFFFFFFFFFFFFFFFFFFFFFFFFFFFFFFFFFFFFFFFFFFFFFFFFFFFFFFFF
FFFFFFFFFFFFFFFFFFFFFFFFFFFFFFFFFFFFFFFFFFFFFFFFFFFFFFFFFFFFFFFFFFFFFFFFFFFFFFFFFFFFFFFFFFFFFFFFFFFFFFFFFFFFFFFFFFFFFFFFFFFFFFFFF
FFFFFFFFFFFFFFFFFFFFFFFFFFFFFFFFFFFFFFFFFFFFFFFFFFFFFFFFFFFFFFFFFFFFFFFFFFFFFFFFFFFFFFFFFFFFFFFFFFFFFFFFFFFFFFFFFFFFFFFFFFFFFFFFF
FFFFFFFFFFFFFFFFFFFFFFFFFFFFFFFFFFFFFFFFFFFFFFFFFFFFFFFFFFFFFFFFFFFFFFFFFFFFFFFFFFFFFFFFFFFFFFFFFFFFFFFFFFFFFFFFFFFFFFFFFFFFFFFFF
FFFFFFFFFFFFFFFFFFFFFFFFFFFFFFFFFFFFFFFFFFFFFFFFFFFFFFFFFFFFFFFFFFFFFFFFFFFFFFFFFFFFFFFFFFFFFFFFFFFFFFFFFFFFFFFFFFFFFFFFFFFFFFFFF
FFFFFFFFFFFFFFFFFFFFFFFFFFFFFFFFFFFFFFFFFFFFFFFFFFFFFFFFFFFFFFFFFFFFFFFFFFFFFFFFFFFFFFFFFFFFFFFFFFFFFFFFFFFFFFFFFFFFFFFFFFFFFFFFF
FFFFFFFFFFFFFFFFFFFFFFFFFFFFFFFFFFFFFFFFFFFFFFFFFFFFFFFFFFFFFFFFFFFFFFFFFFFFFFFFFFFFFFFFFFFFFFFFFFFFFFFFFFFFFFFFFFFFFFFFFFFFFFFFF
FFFFFFFFFFFFFFFFFFFFFFFFFFFFFFFFFFFFFFFFFFFFFFFFFFFFFFFFFFFFFFFFFFFFFFFFFFFFFFFFFFFFFFFFFFFFFFFFFFFFFFFFFFFFFFFFFFFFFFFFFFFFFFFFF
FFFFFFFFFFFFFFFFFFFFFFFFFFFFFFFFFFFFFFFFFFFFFFFFFFFFFFFFFFFFFFFFFFFFFFFFFFFFFFFFFFFFFFFFFFFFFFFFFFFFFFFFFFFFFFFFFFFFFFFFFFFFFFFFF
FFFFFFFFFFFFFFFFFFFFFFFFFFFFFFFFFFFFFFFFFFFFFFFFFFFFFFFFFFFFFFFFFFFFFFFFFFFFFFFFFFFFFFFFFFFFFFFFFFFFFFFFFFFFFFFFFFFFFFFFFFFFFFFFF
FFFFFFFFFFFFFFFFFFFFFFFFFFFFFFFFFFFFFFFFFFFFFFFFFFFFFFFFFFFFFFFFFFFFFFFFFFFFFFFFFFFFFFFFFFFFFFFFFFFFFFFFFFFFFFFFFFFFFFFFFFFFFFFFF
FFFFFFFFFFFFFFFFFFFFFFFFFFFFFFFFFFFFFFFFFFFFFFFFFFFFFFFFFFFFFFFFFFFFFFFFFFFFFFFFFFFFFFFFFFFFFFFFFFFFFFFFFFFFFFFFFFFFFFFFFFFFFFFFF
FFFFFFFFFFFFFFFFFFFFFFFFFFFFFFFFFFFFFFFFFFFFFFFFFFFFFFFFFFFFFFFFFFFFFFFFFFFFFFFFFFFFFFFFFFFFFFFFFFFFFFFFFFFFFFFFFFFFFFFFFFFFFFFFF
FFFFFFFFFFFFFFFFFFFFFFFFFFFFFFFFFFFFFFFFFFFFFFFFFFFFFFFFFFFFFFFFFFFFFFFFFFFFFFFFFFFFFFFFFFFFFFFFFFFFFFFFFFFFFFFFFFFFFFFFFFFFFFFFF
FFFFFFFFFFFFFFFFFFFFFFFFFFFFFFFFFFFFFFFFFFFFFFFFFFFFFFFFFFFFFFFFFFFFFFFFFFFFFFFFFFFFFFFFFFFFFFFFFFFFFFFFFFFFFFFFFFFFFFFFFFFFFFFFF
FFFFFFFFFFFFFFFFFFFFFFFFFFFFFFFFFFFFFFFFFFFFFFFFFFFFFFFFFFFFFFFFFFFFFFFFFFFFFFFFFFFFFFFFFFFFFFFFFFFFFFFFFFFFFFFFFFFFFFFFFFFFFFFFF
FFFFFFFFFFFFFFFFFFFFFFFFFFFFFFFFFFFFFFFFFFFFFFFFFFFFFFFFFFFFFFFFFFFFFFFFFFFFFFFFFFFFFFFFFFFFFFFFFFFFFFFFFFFFFFFFFFFFFFFFFFFFFFFFF
FFFFFFFFFFFFFFFFFFFFFFFFFFFFFFFFFFFFFFFFFFFFFFFFFFFFFFFFFFFFFFFFFFFFFFFFFFFFFFFFFFFFFFFFFFFFFFFFFFFFFFFFFFFFFFFFFFFFFFFFFFFFFFFFF
FFFFFFFFFFFFFFFFFFFFFFFFFFFFFFFFFFFFFFFFFFFFFFFFFFFFFFFFFFFFFFFFFFFFFFFFFFFFFFFFFFFFFFFFFFFFFFFFFFFFFFFFFFFFFFFFFFFFFFFFFFFFFFFFF
FFFFFFFFFFFFFFFFFFFFFFFFFFFFFFFFFFFFFFFFFFFFFFFFFFFFFFFFFFFFFFFFFFFFFFFFFFFFFFFFFFFFFFFFFFFFFFFFFFFFFFFFFFFFFFFFFFFFFFFFFFFFFFFFF
FFFFFFFFFFFFFFFFFFFFFFFFFFFFFFFFFFFFFFFFFFFFFFFFFFFFFFFFFFFFFFFFFFFFFFFFFFFFFFFFFFFFFFFFFFFFFFFFFFFFFFFFFFFFFFFFFFFFFFFFFFFFFFFFF
FFFFFFFFFFFFFFFFFFFFFFFFFFFFFFFFFFFFFFFFFFFFFFFFFFFFFFFFFFFFFFFFFFFFFFFFFFFFFFFFFFFFFFFFFFFFFFFFFFFFFFFFFFFFFFFFFFFFFFFFFFFFFFFFF
FFFFFFFFFFFFFFFFFFFFFFFFFFFFFFFFFFFFFFFFFFFFFFFFFFFFFFFFFFFFFFFFFFFFFFFFFFFFFFFFFFFFFFFFFFFFFFFFFFFFFFFFFFFFFFFFFFFFFFFFFFFFFFFFF
FFFFFFFFFFFFFFFFFFFFFFFFFFFFFFFFFFFFFFFFFFFFFFFFFFFFFFFFFFFFFFFFFFFFFFFFFFFFFFFFFFFFFFFFFFFFFFFFFFFFFFFFFFFFFFFFFFFFFFFFFFFFFFFFF
FFFFFFFFFFFFFFFFFFFFFFFFFFFFFFFFFFFFFFFFFFFFFFFFFFFFFFFFFFFFFFFFFFFFFFFFFFFFFFFFFFFFFFFFFFFFFFFFFFFFFFFFFFFFFFFFFFFFFFFFFFFFFFFFF
FFFFFFFFFFFFFFFFFFFFFFFFFFFFFFFFFFFFFFFFFFFFFFFFFFFFFFFFFFFFFFFFFFFFFFFFFFFFFFFFFFFFFFFFFFFFFFFFFFFFFFFFFFFFFFFFFFFFFFFFFFFFFFFFF
FFFFFFFFFFFFFFFFFFFFFFFFFFFFFFFFFFFFFFFFFFFFFFFFFFFFFFFFFFFFFFFFFFFFFFFFFFFFFFFFFFFFFFFFFFFFFFFFFFFFFFFFFFFFFFFFFFFFFFFFFFFFFFFFF
FFFFFFFFFFFFFFFFFFFFFFFFFFFFFFFFFFFFFFFFFFFFFFFFFFFFFFFFFFFFFFFFFFFFFFFFFFFFFFFFFFFFFFFFFFFFFFFFFFFFFFFFFFFFFFFFFFFFFFFFFFFFFFFFF
FFFFFFFFFFFFFFFFFFFFFFFFFFFFFFFFFFFFFFFFFFFFFFFFFFFFFFFFFFFFFFFFFFFFFFFFFFFFFFFFFFFFFFFFFFFFFFFFFFFFFFFFFFFFFFFFFFFFFFFFFFFFFFFFF
FFFFFFFFFFFFFFFFFFFFFFFFFFFFFFFFFFFFFFFFFFFFFFFFFFFFFFFFFFFFFFFFFFFFFFFFFFFFFFFFFFFFFFFFFFFFFFFFFFFFFFFFFFFFFFFFFFFFFFFFFFFFFFFFF
FFFFFFFFFFFFFFFFFFFFFFFFFFFFFFFFFFFFFFFFFFFFFFFFFFFFFFFFFFFFFFFFFFFFFFFFFFFFFFFFFFFFFFFFFFFFFFFFFFFFFFFFFFFFFFFFFFFFFFFFFFFFFFFFF
FFFFFFFFFFFFFFFFFFFFFFFFFFFFFFFFFFFFFFFFFFFFFFFFFFFFFFFFFFFFFFFFFFFFFFFFFFFFFFFFFFFFFFFFFFFFFFFFFFFFFFFFFFFFFFFFFFFFFFFFFFFFFFFFF
FFFFFFFFFFFFFFFFFFFFFFFFFFFFFFFFFFFFFFFFFFFFFFFFFFFFFFFFFFFFFFFFFFFFFFFFFFFFFFFFFFFFFFFFFFFFFFFFFFFFFFFFFFFFFFFFFFFFFFFFFFFFFFFFF
FFFFFFFFFFFFFFFFFFFFFFFFFFFFFFFFFFFFFFFFFFFFFFFFFFFFFFFFFFFFFFFFFFFFFFFFFFFFFFFFFFFFFFFFFFFFFFFFFFFFFFFFFFFFFFFFFFFFFFFFFFFFFFFFF
FFFFFFFFFFFFFFFFFFFFFFFFFFFFFFFFFFFFFFFFFFFFFFFFFFFFFFFFFFFFFFFFFFFFFFFFFFFFFFFFFFFFFFFFFFFFFFFFFFFFFFFFFFFFFFFFFFFFFFFFFFFFFFFFF
FFFFFFFFFFFFFFFFFFFFFFFFFFFFFFFFFFFFFFFFFFFFFFFFFFFFFFFFFFFFFFFFFFFFFFFFFFFFFFFFFFFFFFFFFFFFFFFFFFFFFFFFFFFFFFFFFFFFFFFFFFFFFFFFF
FFFFFFFFFFFFFFFFFFFFFFFFFFFFFFFFFFFFFFFFFFFFFFFFFFFFFFFFFFFFFFFFFFFFFFFFFFFFFFFFFFFFFFFFFFFFFFFFFFFFFFFFFFFFFFFFFFFFFFFFFFFFFFFFF
FFFFFFFFFFFFFFFFFFFFFFFFFFFFFFFFFFFFFFFFFFFFFFFFFFFFFFFFFFFFFFFFFFFFFFFFFFFFFFFFFFFFFFFFFFFFFFFFFFFFFFFFFFFFFFFFFFFFFFFFFFFFFFFFF
FFFFFFFFFFFFFFFFFFFFFFFFFFFFFFFFFFFFFFFFFFFFFFFFFFFFFFFFFFFFFFFFFFFFFFFFFFFFFFFFFFFFFFFFFFFFFFFFFFFFFFFFFFFFFFFFFFFFFFFFFFFFFFFFF
FFFFFFFFFFFFFFFFFFFFFFFFFFFFFFFFFFFFFFFFFFFFFFFFFFFFFFFFFFFFFFFFFFFFFFFFFFFFFFFFFFFFFFFFFFFFFFFFFFFFFFFFFFFFFFFFFFFFFFFFFFFFFFFFF
FFFFFFFFFFFFFFFFFFFFFFFFFFFFFFFFFFFFFFFFFFFFFFFFFFFFFFFFFFFFFFFFFFFFFFFFFFFFFFFFFFFFFFFFFFFFFFFFFFFFFFFFFFFFFFFFFFFFFFFFFFFFFFFFF
FFFFFFFFFFFFFFFFFFFFFFFFFFFFFFFFFFFFFFFFFFFFFFFFFFFFFFFFFFFFFFFFFFFFFFFFFFFFFFFFFFFFFFFFFFFFFFFFFFFFFFFFFFFFFFFFFFFFFFFFFFFFFFFFF
FFFFFFFFFFFFFFFFFFFFFFFFFFFFFFFFFFFFFFFFFFFFFFFFFFFFFFFFFFFFFFFFFFFFFFFFFFFFFFFFFFFFFFFFFFFFFFFFFFFFFFFFFFFFFFFFFFFFFFFFFFFFFFFFF
FFFFFFFFFFFFFFFFFFFFFFFFFFFFFFFFFFFFFFFFFFFFFFFFFFFFFFFFFFFFFFFFFFFFFFFFFFFFFFFFFFFFFFFFFFFFFFFFFFFFFFFFFFFFFFFFFFFFFFFFFFFFFFFFF
FFFFFFFFFFFFFFFFFFFFFFFFFFFFFFFFFFFFFFFFFFFFFFFFFFFFFFFFFFFFFFFFFFFFFFFFFFFFFFFFFFFFFFFFFFFFFFFFFFFFFFFFFFFFFFFFFFFFFFFFFFFFFFFFF
FFFFFFFFFFFFFFFFFFFFFFFFFFFFFFFFFFFFFFFFFFFFFFFFFFFFFFFFFFFFFFFFFFFFFFFFFFFFFFFFFFFFFFFFFFFFFFFFFFFFFFFFFFFFFFFFFFFFFFFFFFFFFFFFF
FFFFFFFFFFFFFFFFFFFFFFFFFFFFFFFFFFFFFFFFFFFFFFFFFFFFFFFFFFFFFFFFFFFFFFFFFFFFFFFFFFFFFFFFFFFFFFFFFFFFFFFFFFFFFFFFFFFFFFFFFFFFFFFFF
FFFFFFFFFFFFFFFFFFFFFFFFFFFFFFFFFFFFFFFFFFFFFFFFFFFFFFFFFFFFFFFFFFFFFFFFFFFFFFFFFFFFFFFFFFFFFFFFFFFFFFFFFFFFFFFFFFFFFFFFFFFFFFFFF
FFFFFFFFFFFFFFFFFFFFFFFFFFFFFFFFFFFFFFFFFFFFFFFFFFFFFFFFFFFFFFFFFFFFFFFFFFFFFFFFFFFFFFFFFFFFFFFFFFFFFFFFFFFFFFFFFFFFFFFFFFFFFFFFF
FFFFFFFFFFFFFFFFFFFFFFFFFFFFFFFFFFFFFFFFFFFFFFFFFFFFFFFFFFFFFFFFFFFFFFFFFFFFFFFFFFFFFFFFFFFFFFFFFFFFFFFFFFFFFFFFFFFFFFFFFFFFFFFFF
FFFFFFFFFFFFFFFFFFFFFFFFFFFFFFFFFFFFFFFFFFFFFFFFFFFFFFFFFFFFFFFFFFFFFFFFFFFFFFFFFFFFFFFFFFFFFFFFFFFFFFFFFFFFFFFFFFFFFFFFFFFFFFFFF
FFFFFFFFFFFFFFFFFFFFFFFFFFFFFFFFFFFFFFFFFFFFFFFFFFFFFFFFFFFFFFFFFFFFFFFFFFFFFFFFFFFFFFFFFFFFFFFFFFFFFFFFFFFFFFFFFFFFFFFFFFFFFFFFF
FFFFFFFFFFFFFFFFFFFFFFFFFFFFFFFFFFFFFFFFFFFFFFFFFFFFFFFFFFFFFFFFFFFFFFFFFFFFFFFFFFFFFFFFFFFFFFFFFFFFFFFFFFFFFFFFFFFFFFFFFFFFFFFFF
FFFFFFFFFFFFFFFFFFFFFFFFFFFFFFFFFFFFFFFFFFFFFFFFFFFFFFFFFFFFFFFFFFFFFFFFFFFFFFFFFFFFFFFFFFFFFFFFFFFFFFFFFFFFFFFFFFFFFFFFFFFFFFFFF
FFFFFFFFFFFFFFFFFFFFFFFFFFFFFFFFFFFFFFFFFFFFFFFFFFFFFFFFFFFFFFFFFFFFFFFFFFFFFFFFFFFFFFFFFFFFFFFFFFFFFFFFFFFFFFFFFFFFFFFFFFFFFFFFF
FFFFFFFFFFFFFFFFFFFFFFFFFFFFFFFFFFFFFFFFFFFFFFFFFFFFFFFFFFFFFFFFFFFFFFFFFFFFFFFFFFFFFFFFFFFFFFFFFFFFFFFFFFFFFFFFFFFFFFFFFFFFFFFFF
FFFFFFFFFFFFFFFFFFFFFFFFFFFFFFFFFFFFFFFFFFFFFFFFFFFFFFFFFFFFFFFFFFFFFFFFFFFFFFFFFFFFFFFFFFFFFFFFFFFFFFFFFFFFFFFFFFFFFFFFFFFFFFFFF
FFFFFFFFFFFFFFFFFFFFFFFFFFFFFFFFFFFFFFFFFFFFFFFFFFFFFFFFFFFFFFFFFFFFFFFFFFFFFFFFFFFFFFFFFFFFFFFFFFFFFFFFFFFFFFFFFFFFFFFFFFFFFFFFF
FFFFFFFFFFFFFFFFFFFFFFFFFFFFFFFFFFFFFFFFFFFFFFFFFFFFFFFFFFFFFFFFFFFFFFFFFFFFFFFFFFFFFFFFFFFFFFFFFFFFFFFFFFFFFFFFFFFFFFFFFFFFFFFFF
FFFFFFFFFFFFFFFFFFFFFFFFFFFFFFFFFFFFFFFFFFFFFFFFFFFFFFFFFFFFFFFFFFFFFFFFFFFFFFFFFFFFFFFFFFFFFFFFFFFFFFFFFFFFFFFFFFFFFFFFFFFFFFFFF
FFFFFFFFFFFFFFFFFFFFFFFFFFFFFFFFFFFFFFFFFFFFFFFFFFFFFFFFFFFFFFFFFFFFFFFFFFFFFFFFFFFFFFFFFFFFFFFFFFFFFFFFFFFFFFFFFFFFFFFFFFFFFFFFF
FFFFFFFFFFFFFFFFFFFFFFFFFFFFFFFFFFFFFFFFFFFFFFFFFFFFFFFFFFFFFFFFFFFFFFFFFFFFFFFFFFFFFFFFFFFFFFFFFFFFFFFFFFFFFFFFFFFFFFFFFFFFFFFFF
FFFFFFFFFFFFFFFFFFFFFFFFFFFFFFFFFFFFFFFFFFFFFFFFFFFFFFFFFFFFFFFFFFFFFFFFFFFFFFFFFFFFFFFFFFFFFFFFFFFFFFFFFFFFFFFFFFFFFFFFFFFFFFFFF
FFFFFFFFFFFFFFFFFFFFFFFFFFFFFFFFFFFFFFFFFFFFFFFFFFFFFFFFFFFFFFFFFFFFFFFFFFFFFFFFFFFFFFFFFFFFFFFFFFFFFFFFFFFFFFFFFFFFFFFFFFFFFFFFF
FFFFFFFFFFFFFFFFFFFFFFFFFFFFFFFFFFFFFFFFFFFFFFFFFFFFFFFFFFFFFFFFFFFFFFFFFFFFFFFFFFFFFFFFFFFFFFFFFFFFFFFFFFFFFFFFFFFFFFFFFFFFFFFFF
FFFFFFFFFFFFFFFFFFFFFFFFFFFFFFFFFFFFFFFFFFFFFFFFFFFFFFFFFFFFFFFFFFFFFFFFFFFFFFFFFFFFFFFFFFFFFFFFFFFFFFFFFFFFFFFFFFFFFFFFFFFFFFFFF
FFFFFFFFFFFFFFFFFFFFFFFFFFFFFFFFFFFFFFFFFFFFFFFFFFFFFFFFFFFFFFFFFFFFFFFFFFFFFFFFFFFFFFFFFFFFFFFFFFFFFFFFFFFFFFFFFFFFFFFFFFFFFFFFF
FFFFFFFFFFFFFFFFFFFFFFFFFFFFFFFFFFFFFFFFFFFFFFFFFFFFFFFFFFFFFFFFFFFFFFFFFFFFFFFFFFFFFFFFFFFFFFFFFFFFFFFFFFFFFFFFFFFFFFFFFFFFFFFFF
FFFFFFFFFFFFFFFFFFFFFFFFFFFFFFFFFFFFFFFFFFFFFFFFFFFFFFFFFFFFFFFFFFFFFFFFFFFFFFFFFFFFFFFFFFFFFFFFFFFFFFFFFFFFFFFFFFFFFFFFFFFFFFFFF
FFFFFFFFFFFFFFFFFFFFFFFFFFFFFFFFFFFFFFFFFFFFFFFFFFFFFFFFFFFFFFFFFFFFFFFFFFFFFFFFFFFFFFFFFFFFFFFFFFFFFFFFFFFFFFFFFFFFFFFFFFFFFFFFF
FFFFFFFFFFFFFFFFFFFFFFFFFFFFFFFFFFFFFFFFFFFFFFFFFFFFFFFFFFFFFFFFFFFFFFFFFFFFFFFFFFFFFFFFFFFFFFFFFFFFFFFFFFFFFFFFFFFFFFFFFFFFFFFFF
FFFFFFFFFFFFFFFFFFFFFFFFFFFFFFFFFFFFFFFFFFFFFFFFFFFFFFFFFFFFFFFFFFFFFFFFFFFFFFFFFFFFFFFFFFFFFFFFFFFFFFFFFFFFFFFFFFFFFFFFFFFFFFFFF
FFFFFFFFFFFFFFFFFFFFFFFFFFFFFFFFFFFFFFFFFFFFFFFFFFFFFFFFFFFFFFFFFFFFFFFFFFFFFFFFFFFFFFFFFFFFFFFFFFFFFFFFFFFFFFFFFFFFFFFFFFFFFFFFF
FFFFFFFFFFFFFFFFFFFFFFFFFFFFFFFFFFFFFFFFFFFFFFFFFFFFFFFFFFFFFFFFFFFFFFFFFFFFFFFFFFFFFFFFFFFFFFFFFFFFFFFFFFFFFFFFFFFFFFFFFFFFFFFFF
FFFFFFFFFFFFFFFFFFFFFFFFFFFFFFFFFFFFFFFFFFFFFFFFFFFFFFFFFFFFFFFFFFFFFFFFFFFFFFFFFFFFFFFFFFFFFFFFFFFFFFFFFFFFFFFFFFFFFFFFFFFFFFFFF
FFFFFFFFFFFFFFFFFFFFFFFFFFFFFFFFFFFFFFFFFFFFFFFFFFFFFFFFFFFFFFFFFFFFFFFFFFFFFFFFFFFFFFFFFFFFFFFFFFFFFFFFFFFFFFFFFFFFFFFFFFFFFFFFF
FFFFFFFFFFFFFFFFFFFFFFFFFFFFFFFFFFFFFFFFFFFFFFFFFFFFFFFFFFFFFFFFFFFFFFFFFFFFFFFFFFFFFFFFFFFFFFFFFFFFFFFFFFFFFFFFFFFFFFFFFFFFFFFFF
FFFFFFFFFFFFFFFFFFFFFFFFFFFFFFFFFFFFFFFFFFFFFFFFFFFFFFFFFFFFFFFFFFFFFFFFFFFFFFFFFFFFFFFFFFFFFFFFFFFFFFFFFFFFFFFFFFFFFFFFFFFFFFFFF
FFFFFFFFFFFFFFFFFFFFFFFFFFFFFFFFFFFFFFFFFFFFFFFFFFFFFFFFFFFFFFFFFFFFFFFFFFFFFFFFFFFFFFFFFFFFFFFFFFFFFFFFFFFFFFFFFFFFFFFFFFFFFFFFF
FFFFFFFFFFFFFFFFFFFFFFFFFFFFFFFFFFFFFFFFFFFFFFFFFFFFFFFFFFFFFFFFFFFFFFFFFFFFFFFFFFFFFFFFFFFFFFFFFFFFFFFFFFFFFFFFFFFFFFFFFFFFFFFFF
FFFFFFFFFFFFFFFFFFFFFFFFFFFFFFFFFFFFFFFFFFFFFFFFFFFFFFFFFFFFFFFFFFFFFFFFFFFFFFFFFFFFFFFFFFFFFFFFFFFFFFFFFFFFFFFFFFFFFFFFFFFFFFFFF
FFFFFFFFFFFFFFFFFFFFFFFFFFFFFFFFFFFFFFFFFFFFFFFFFFFFFFFFFFFFFFFFFFFFFFFFFFFFFFFFFFFFFFFFFFFFFFFFFFFFFFFFFFFFFFFFFFFFFFFFFFFFFFFFF
FFFFFFFFFFFFFFFFFFFFFFFFFFFFFFFFFFFFFFFFFFFFFFFFFFFFFFFFFFFFFFFFFFFFFFFFFFFFFFFFFFFFFFFFFFFFFFFFFFFFFFFFFFFFFFFFFFFFFFFFFFFFFFFFF
# Number of players
6
# Starting resources Player Gold Lumber
0 40000 400
1 2000 1500
2 2000 1500
3 2000 1500
4 2000 1500
5 2000 1500
6 2000 1500
# Number of assets
22
# Starting assets Type Owner X Y
GoldMine 0 125 0
GoldMine 0 11 0
Peasant 4 67 3
Peasant 5 9 4
GoldMine 0 62 4
GoldMine 0 42 13
GoldMine 0 117 36
GoldMine 0 0 39
Peasant 6 121 40
GoldMine 0 43 41
GoldMine 0 68 50
Peasant 1 47 68
GoldMine 0 49 69
GoldMine 0 70 77
GoldMine 0 33 87
GoldMine 0 108 87
GoldMine 0 44 110
GoldMine 0 0 121
Peasant 2 91 123
Peasant 3 5 123
GoldMine 0 86 123
GoldMine 0 122 125
