# Map Name
One way in one way out
# Map Dimensions W x H
64 64
# Map Description
The map description will go here
it can be 0 or more lines
# Map Tileset
./path/to/Terrain.dat
# Map Terrain Data
FFFFFFFFFFFFFFFFFFFFFFFFFFFFFFFFFFFFFFFFFFFFFFFFFFFFFFFFFFFFFFFFF
FFFFFFFFFFFFFFFFFFFFFFFFFFFFFFFFFFFFFFFFFFFFFFFFFFFFFFFFFFFFFFFFF
gggggFFFFFFFFFFFFFFFFFFFFFFFFFFFFFFFFFFFFFFggFFFFgggFFFFFFFFFFFFF
gggggggFFFFFFFFFFFFFFFFgFFFFFFgFFFFFFFgggFFgggFFgggggggFFFFFFFFFF
gggggggggFFFFFFFFFFFFggFFFgFFgggggFFFFgggggggFFggGGGggggggFFFFFFF
GGggggggggggFFFFFFFFggFFFgggggggggFFFFgggggFFFFgGGGGGGGGggggFFFFF
GGGgggggggFFgggFFFFFggFFggggggggggggFFFgggggFgggGGGGGGGGGggggFFFF
GGGGGggggggFggggFFFgggggggggggGGgggggFFggggggggGGGGGGGGGGGggggFFF
GGGGGGGgggggggggggggggggggGGggGGGggggggggGGGgGGGGGGGGGGGGGGGggFFF
gGGGGGGGgggggggggggggggGGGGGGGGGGggggggggggGGGGGGGGGGGGGGGGGgggFF
ggGGGGGGGGGGggggggggggGGGGGGGGGGGGGgggGGGggGGGGGGGgggGGGGGGGggggg
ggGGGGGGGGGGGGGGGggggggGgGGGGGGGGgggggGGGGGGGGGGgggggggGGGGGGgggg
gggggggGGGGGGGGGGggGGggGGGGGGGGGGgggGGGGGGGGGgggggddggggGGGGGGGGG
ggggggggggGGGGGGGGGGGGGGGGGGGGGGgggggGGGGGGggggdddddddgggGGGGGGGG
gddggggggggggGGGGGGGGGGGGGGGggGGgggggGGGgggggdddRRRRRdddggGGGGGGG
gddddggggggggggGGGGGGggggGGGgggGGGGGGGGggggdddRRRRRRRRRdgggGGGGGG
ddRRddgggggggggggGGGGggggggGGGgGGGGgGGGggGgddRRRRdddRRRddgggGGGGG
dRRRddggggddggggggggggggggggGGggggGGGGGGGGggdddddddddRRRddggGGGGG
RRRRdgggddddddggggggggddgggggGGggggGGGGGGGGgddddddddddRRRdgggGGGG
RRRddggddddRRdddggggggddgggggGGGGggGGGgggGggggddddddddddRdggggGGG
RRddggdddRRRRRRdddgddddgggggggGGGGGGGggdggggddddddddddddddddgggGG
RddgggddRRddRRRRRdddRRddggggggggGGGggggddddddRRRddddddddddddggggg
dddggggddddddRRRRRRRRRRddgggggggggggggggdddRRRRdddddddddddddddggg
ddggggggddddddRRRRRRRRRRdgggggggggggggggdddRRRddddddddddddddRddgg
dddggggggggddddRRRRRRRRRdddgggggggggddddddRRRRdddddddRdddddRRdddg
RRdggggggdddRRRRRRRRRRRRRRddggggggdddRdddRRRRddddddRdRRdddRRddddd
RRdddgggddRRRRRRRRRRRRRRRRRdddggdddRRRdddRRRRdddddRRRddddddddggdd
RRRRdddddRRRRRRRRRRRRRRRRRRRRddddRRRRRRRRRRddddddRRRRRdddggddgggg
RRRRRddRRRRRRRRRRRdRRRRRRRRRRRRRRRRRRRRRRddddddddRRRRRRdggggggggg
RRRRRRRRRRRRRRRRRddddRRRRRRRRRRRRRRRRRRRddddddddRRRRRRRddddgggggg
RRRRRRRRRRRRRRRRddggdddRRRRRRRRRRRRRRRRRdddddddddRRRRRRRdddgddggg
RRRRRRRRRRRRRdddddggggddRRRRRRRRRRRRRRRdddddddddddRRRRddddddddggg
RRRRRRRRRRRddddddddggggdddRRRRRRRRRRRRRdddddddddddRRRddddRRddgggg
RRRRRRRRRRRRdddddddggggggdRRRRRRRRRRdddddddddddddddRRRdddRRRdgggg
RRRRRRRRRRRRdddddRddgggggdRRRRRRRRRddddddddddddddddRRRddddRRddddd
RRRRRRRdRRRRRddRRRddgggggdRRRRRRRdddddddddddddddddddRRRRddRRRRdRR
RRRRRddddRRRRRRRRddddggggdRRRRRRddddddddddRdddddddddRRRRRRRRRRRRR
RRRRddggdddRRRRdddgddggddddRRRRRddddRRddddRRRddddddRRRRRRRRRRRRRR
RRdddgggggddddddgggggggddgdRRRRRRdddRdddgddRRRRddRRRRRRRRRRRRRRRR
dddgggggggggddggggggggggggddRRRRRddddddgggddRRRRRRRRRRRRRRRRRRRRR
gggggggggggggggggggGGggggggddRRRRRdddgggggdddRRRRRRRRRRRRdRRRRRRR
gggggggggggggggggGGGGggggggdddRRRRRRdddgggddddRRRRRRRRRRdddRRRRRR
ggggggggggggggggGGGGGGgggggggdddRRRRRRddggggddddRRRRRRdddgdddRRRR
gggggggggggGGGGGGGGGGGGGgggggggddRRRRRddggggddgdddRRdddgggggddRRR
gggggggggggggGGGGGGGGGGGGGggggggddddddddggddddgggddddggggggggddRR
gggggggggggggggGGGGGGGGGGGGGgggggggddggggddRRdgggggggggggGGgggddd
GGgGGgggGggggggGGGGGGGGGGGGgggggggggggggddRRddgggggggggGGGGGggggg
GGGGGGGGGggggGGGGGGGGGGGGGggggGGgggggggdddRdddddggggggGGGGGgggggg
GGGGGGGGGGggGGGGGGGGGGGGGGggGGGGGGgggggddRRddgdddgggggGGGGGggGGGg
gGGGGGGGGGGGGGGGGGGGGGGGGGGGGGGGGGGggggdddddgggddgggGGGGGGGGGGGGg
gggGGGGGGGGGGGGGGGGGGGGGGGGGGGGGGGGGggdddggggggggggGGGGGGGGGGGGGG
ggggGGGGGGGGGGGGGGggGGGGGGGGGGGggGGGggddgggggggggggggggGGGGGGGGGG
ggggGGGGGGGGGGGgggggGGGGGGGGGggggGGGGggggggGGggggGgggggGGGGgggggg
ggggggGGGGGGGggggggGGGGGGGGgggggggGGGgggGGGGGGGGGGGggGGGGGGgggggg
FFggggGGGgggggggggggGGGgggggggFFgGGGGGgggGGGGGGGGGGGGGGGGggggggFF
FFggggggggggggFFFgggGGgggggggFFFgGGGGGggggGGGGggGGGGGggggggggFFFF
FFFFgggggggFFFFFFggggggggFFgFFFFgggGGGGgggGGGGgggGGGggggFggFFFFFF
FFFFFggggFFFFFFFgggggggggFFFFFFggggggGGGggGGGGgggggggggFFgFFFFFFF
FFgFFFFFFFFFFggggggFFFggFFFFFFFFgggggGGGGGGGgggggFggggggFFFFFFFFF
FFFFFFFFFFFFgggggggFFFFFFFFFFFFFggFFgggGGggggggFFFFggggFFFFFFFFFF
FFFFFFFFFFFgggFFggFFFFFFFFFFFFFFFFFFFgggggggggFFFFggFFFFFFFFFFFFF
FFFFFFFFFFFFFFFFFFFFFFFFFFFFFFFFFFFFFgggggFFgggFFgFFFFFFFFFFFFFFF
FFFFFFFFFFFFFFFFFFFFFFFFFFFFFFFFFFFFgggFFFFFFFFFFFFFFFFFFFFFFFgFF
FFFFFFFFFFFFFFFFFFFFFFFFFFFFFFFFFFFFFFFFFFFFFFFFFFFFFFFFFFFFFFFFF
FFFFFFFFFFFgFFFgFFFFFFFFFFFFFFFFFFFFFFFFFFFFFFFFFFFFFFFFFFFFFFFFF
# Map Partial Bits
FFFFFFFFFFFFFFFFFFFFFFFFFFFFFFFFFFFFFFFFFFFFFFFFFFFFFFFFFFFFFFFFF
FFFFFFFFFFFFFFFFFFFFFFFFFFFFFFFFFFFFFFFFFFFFFFFFFFFFFFFFFFFFFFFFF
FFFFFFFFFFFFFFFFFFFFFFFFFFFFFFFFFFFFFFFFFFFFFFFFFFFFFFFFFFFFFFFFF
FFFFFFFFFFFFFFFFFFFFFFFFFFFFFFFFFFFFFFFFFFFFFFFFFFFFFFFFFFFFFFFFF
FFFFFFFFFFFFFFFFFFFFFFFFFFFFFFFFFFFFFFFFFFFFFFFFFFFFFFFFFFFFFFFFF
FFFFFFFFFFFFFFFFFFFFFFFFFFFFFFFFFFFFFFFFFFFFFFFFFFFFFFFFFFFFFFFFF
FFFFFFFFFFFFFFFFFFFFFFFFFFFFFFFFFFFFFFFFFFFFFFFFFFFFFFFFFFFFFFFFF
FFFFFFFFFFFFFFFFFFFFFFFFFFFFFFFFFFFFFFFFFFFFFFFFFFFFFFFFFFFFFFFFF
FFFFFFFFFFFFFFFFFFFFFFFFFFFFFFFFFFFFFFFFFFFFFFFFFFFFFFFFFFFFFFFFF
FFFFFFFFFFFFFFFFFFFFFFFFFFFFFFFFFFFFFFFFFFFFFFFFFFFFFFFFFFFFFFFFF
FFFFFFFFFFFFFFFFFFFFFFFFFFFFFFFFFFFFFFFFFFFFFFFFFFFFFFFFFFFFFFFFF
FFFFFFFFFFFFFFFFFFFFFFFFFFFFFFFFFFFFFFFFFFFFFFFFFFFFFFFFFFFFFFFFF
FFFFFFFFFFFFFFFFFFFFFFFFFFFFFFFFFFFFFFFFFFFFFFFFFFFFFFFFFFFFFFFFF
FFFFFFFFFFFFFFFFFFFFFFFFFFFFFFFFFFFFFFFFFFFFFFFFFFFFFFFFFFFFFFFFF
FFFFFFFFFFFFFFFFFFFFFFFFFFFFFFFFFFFFFFFFFFFFFFFFFFFFFFFFFFFFFFFFF
FFFFFFFFFFFFFFFFFFFFFFFFFFFFFFFFFFFFFFFFFFFFFFFFFFFFFFFFFFFFFFFFF
FFFFFFFFFFFFFFFFFFFFFFFFFFFFFFFFFFFFFFFFFFFFFFFFFFFFFFFFFFFFFFFFF
FFFFFFFFFFFFFFFFFFFFFFFFFFFFFFFFFFFFFFFFFFFFFFFFFFFFFFFFFFFFFFFFF
FFFFFFFFFFFFFFFFFFFFFFFFFFFFFFFFFFFFFFFFFFFFFFFFFFFFFFFFFFFFFFFFF
FFFFFFFFFFFFFFFFFFFFFFFFFFFFFFFFFFFFFFFFFFFFFFFFFFFFFFFFFFFFFFFFF
FFFFFFFFFFFFFFFFFFFFFFFFFFFFFFFFFFFFFFFFFFFFFFFFFFFFFFFFFFFFFFFFF
FFFFFFFFFFFFFFFFFFFFFFFFFFFFFFFFFFFFFFFFFFFFFFFFFFFFFFFFFFFFFFFFF
FFFFFFFFFFFFFFFFFFFFFFFFFFFFFFFFFFFFFFFFFFFFFFFFFFFFFFFFFFFFFFFFF
FFFFFFFFFFFFFFFFFFFFFFFFFFFFFFFFFFFFFFFFFFFFFFFFFFFFFFFFFFFFFFFFF
FFFFFFFFFFFFFFFFFFFFFFFFFFFFFFFFFFFFFFFFFFFFFFFFFFFFFFFFFFFFFFFFF
FFFFFFFFFFFFFFFFFFFFFFFFFFFFFFFFFFFFFFFFFFFFFFFFFFFFFFFFFFFFFFFFF
FFFFFFFFFFFFFFFFFFFFFFFFFFFFFFFFFFFFFFFFFFFFFFFFFFFFFFFFFFFFFFFFF
FFFFFFFFFFFFFFFFFFFFFFFFFFFFFFFFFFFFFFFFFFFFFFFFFFFFFFFFFFFFFFFFF
FFFFFFFFFFFFFFFFFFFFFFFFFFFFFFFFFFFFFFFFFFFFFFFFFFFFFFFFFFFFFFFFF
FFFFFFFFFFFFFFFFFFFFFFFFFFFFFFFFFFFFFFFFFFFFFFFFFFFFFFFFFFFFFFFFF
FFFFFFFFFFFFFFFFFFFFFFFFFFFFFFFFFFFFFFFFFFFFFFFFFFFFFFFFFFFFFFFFF
FFFFFFFFFFFFFFFFFFFFFFFFFFFFFFFFFFFFFFFFFFFFFFFFFFFFFFFFFFFFFFFFF
FFFFFFFFFFFFFFFFFFFFFFFFFFFFFFFFFFFFFFFFFFFFFFFFFFFFFFFFFFFFFFFFF
FFFFFFFFFFFFFFFFFFFFFFFFFFFFFFFFFFFFFFFFFFFFFFFFFFFFFFFFFFFFFFFFF
FFFFFFFFFFFFFFFFFFFFFFFFFFFFFFFFFFFFFFFFFFFFFFFFFFFFFFFFFFFFFFFFF
FFFFFFFFFFFFFFFFFFFFFFFFFFFFFFFFFFFFFFFFFFFFFFFFFFFFFFFFFFFFFFFFF
FFFFFFFFFFFFFFFFFFFFFFFFFFFFFFFFFFFFFFFFFFFFFFFFFFFFFFFFFFFFFFFFF
FFFFFFFFFFFFFFFFFFFFFFFFFFFFFFFFFFFFFFFFFFFFFFFFFFFFFFFFFFFFFFFFF
FFFFFFFFFFFFFFFFFFFFFFFFFFFFFFFFFFFFFFFFFFFFFFFFFFFFFFFFFFFFFFFFF
FFFFFFFFFFFFFFFFFFFFFFFFFFFFFFFFFFFFFFFFFFFFFFFFFFFFFFFFFFFFFFFFF
FFFFFFFFFFFFFFFFFFFFFFFFFFFFFFFFFFFFFFFFFFFFFFFFFFFFFFFFFFFFFFFFF
FFFFFFFFFFFFFFFFFFFFFFFFFFFFFFFFFFFFFFFFFFFFFFFFFFFFFFFFFFFFFFFFF
FFFFFFFFFFFFFFFFFFFFFFFFFFFFFFFFFFFFFFFFFFFFFFFFFFFFFFFFFFFFFFFFF
FFFFFFFFFFFFFFFFFFFFFFFFFFFFFFFFFFFFFFFFFFFFFFFFFFFFFFFFFFFFFFFFF
FFFFFFFFFFFFFFFFFFFFFFFFFFFFFFFFFFFFFFFFFFFFFFFFFFFFFFFFFFFFFFFFF
FFFFFFFFFFFFFFFFFFFFFFFFFFFFFFFFFFFFFFFFFFFFFFFFFFFFFFFFFFFFFFFFF
FFFFFFFFFFFFFFFFFFFFFFFFFFFFFFFFFFFFFFFFFFFFFFFFFFFFFFFFFFFFFFFFF
FFFFFFFFFFFFFFFFFFFFFFFFFFFFFFFFFFFFFFFFFFFFFFFFFFFFFFFFFFFFFFFFF
FFFFFFFFFFFFFFFFFFFFFFFFFFFFFFFFFFFFFFFFFFFFFFFFFFFFFFFFFFFFFFFFF
FFFFFFFFFFFFFFFFFFFFFFFFFFFFFFFFFFFFFFFFFFFFFFFFFFFFFFFFFFFFFFFFF
FFFFFFFFFFFFFFFFFFFFFFFFFFFFFFFFFFFFFFFFFFFFFFFFFFFFFFFFFFFFFFFFF
FFFFFFFFFFFFFFFFFFFFFFFFFFFFFFFFFFFFFFFFFFFFFFFFFFFFFFFFFFFFFFFFF
FFFFFFFFFFFFFFFFFFFFFFFFFFFFFFFFFFFFFFFFFFFFFFFFFFFFFFFFFFFFFFFFF
FFFFFFFFFFFFFFFFFFFFFFFFFFFFFFFFFFFFFFFFFFFFFFFFFFFFFFFFFFFFFFFFF
FFFFFFFFFFFFFFFFFFFFFFFFFFFFFFFFFFFFFFFFFFFFFFFFFFFFFFFFFFFFFFFFF
FFFFFFFFFFFFFFFFFFFFFFFFFFFFFFFFFFFFFFFFFFFFFFFFFFFFFFFFFFFFFFFFF
FFFFFFFFFFFFFFFFFFFFFFFFFFFFFFFFFFFFFFFFFFFFFFFFFFFFFFFFFFFFFFFFF
FFFFFFFFFFFFFFFFFFFFFFFFFFFFFFFFFFFFFFFFFFFFFFFFFFFFFFFFFFFFFFFFF
FFFFFFFFFFFFFFFFFFFFFFFFFFFFFFFFFFFFFFFFFFFFFFFFFFFFFFFFFFFFFFFFF
FFFFFFFFFFFFFFFFFFFFFFFFFFFFFFFFFFFFFFFFFFFFFFFFFFFFFFFFFFFFFFFFF
FFFFFFFFFFFFFFFFFFFFFFFFFFFFFFFFFFFFFFFFFFFFFFFFFFFFFFFFFFFFFFFFF
FFFFFFFFFFFFFFFFFFFFFFFFFFFFFFFFFFFFFFFFFFFFFFFFFFFFFFFFFFFFFFFFF
FFFFFFFFFFFFFFFFFFFFFFFFFFFFFFFFFFFFFFFFFFFFFFFFFFFFFFFFFFFFFFFFF
FFFFFFFFFFFFFFFFFFFFFFFFFFFFFFFFFFFFFFFFFFFFFFFFFFFFFFFFFFFFFFFFF
FFFFFFFFFFFFFFFFFFFFFFFFFFFFFFFFFFFFFFFFFFFFFFFFFFFFFFFFFFFFFFFFF
# Number of players
2
# Starting resources Player Gold Lumber
0 55000 400
1 2000 1500
2 2000 1500
# Number of assets
8
# Starting assets Type Owner X Y
GoldMine 0 0 2
Peasant 1 3 7
GoldMine 0 61 10
GoldMine 0 3 22
GoldMine 0 21 33
Peasant 2 8 50
GoldMine 0 61 50
GoldMine 0 5 54
