# Map Name
Nowhere to run, nowhere to hide
# Map Dimensions W x H
32 32
# Map Terrain Data
ggggggggggggFFFFFFFgggggggGGGGGgg
ggggggggggggFFFFFFFggggGGGGGGGGgg
gggggggGGggggFFFFFgggggGGGGgggggg
ggggggGGGGggggFFFggggGGGggggggggg
GGggggGGGGggFFgFFgggGGGGggggggggg
GGggggGGGGGggFgFFFggGGGGGgggggggg
GGGgggGGGGGggggFFFFgGGGGGgggGGggg
GGGGGGGGGGGGggFFFFgggGGGGGGgGGggg
GGGGGGGGGGGGggFFFggggGGGGGGGggGgg
GGGGGGGGGGGggggFFggggGGGGGGGGGGGg
ggGGGGGGGGGGggggFFggGGGGGGGGGGGGg
ggggGGGGggGgggggFFggGGggGGGGGGggg
ggggggggggggggFFFgggggggggGGggggg
FggggggggggggggFFggggggFggggggggg
FFFggFggggFFFgggFFggFggFFFgggggFF
FFFFFFFFFFFFFgggFFFFFFFFFFFFFFFFF
FFFFFFFFFFFFFFFFFFFFFFFFFFFFFFFFF
FFFFFgggggFFFFFFFFggFggFFFFgFFFFF
FFggggggggggFggFFgggggggFggggggFF
FggggggggggggggFFFggggggggggggggF
ggggggGGggggggFFFgggggGgggggggggg
ggggGGGGGGgggggFFFFggGGgGGggGgggg
ggGGGGGGGGggggggFFgggGGGGGGGGGGgg
gggGgggGGGGGggggFggggGGGGGGGGGGgg
ggggggggGGGGgggFFFggGGGGGGGGGGGGg
gggggggGGGGGggFFFFgggGGGggGGGGGGG
GGgggGGGGGGgggFFgggggGGGgggGGGGGG
GGGGGGGGGGGggFFFggggGGGGGggggGGGG
gGGGGGGGGGGggFFFgGgggGGGgggggGGGG
ggGGGGGGGGggggFFgggggGGGgggGGGGGG
ggGgggGgggggggFFFFgggggGgggGGGGGG
ggggggGggggggFFFFFggggggggGGGGGGG
gggggGGggggFFFgFFFFFggggggGGGGGGg
# Map Partial Bits
FFFFFFFFFFFFFFFFFFFFFFFFFFFFFFFFF
FFFFFFFFFFFFFFFFFFFFFFFFFFFFFFFFF
FFFFFFFFFFFFFFFFFFFFFFFFFFFFFFFFF
FFFFFFFFFFFFFFFFFFFFFFFFFFFFFFFFF
FFFFFFFFFFFFFFFFFFFFFFFFFFFFFFFFF
FFFFFFFFFFFFFFFFFFFFFFFFFFFFFFFFF
FFFFFFFFFFFFFFFFFFFFFFFFFFFFFFFFF
FFFFFFFFFFFFFFFFFFFFFFFFFFFFFFFFF
FFFFFFFFFFFFFFFFFFFFFFFFFFFFFFFFF
FFFFFFFFFFFFFFFFFFFFFFFFFFFFFFFFF
FFFFFFFFFFFFFFFFFFFFFFFFFFFFFFFFF
FFFFFFFFFFFFFFFFFFFFFFFFFFFFFFFFF
FFFFFFFFFFFFFFFFFFFFFFFFFFFFFFFFF
FFFFFFFFFFFFFFFFFFFFFFFFFFFFFFFFF
FFFFFFFFFFFFFFFFFFFFFFFFFFFFFFFFF
FFFFFFFFFFFFFFFFFFFFFFFFFFFFFFFFF
FFFFFFFFFFFFFFFFFFFFFFFFFFFFFFFFF
FFFFFFFFFFFFFFFFFFFFFFFFFFFFFFFFF
FFFFFFFFFFFFFFFFFFFFFFFFFFFFFFFFF
FFFFFFFFFFFFFFFFFFFFFFFFFFFFFFFFF
FFFFFFFFFFFFFFFFFFFFFFFFFFFFFFFFF
FFFFFFFFFFFFFFFFFFFFFFFFFFFFFFFFF
FFFFFFFFFFFFFFFFFFFFFFFFFFFFFFFFF
FFFFFFFFFFFFFFFFFFFFFFFFFFFFFFFFF
FFFFFFFFFFFFFFFFFFFFFFFFFFFFFFFFF
FFFFFFFFFFFFFFFFFFFFFFFFFFFFFFFFF
FFFFFFFFFFFFFFFFFFFFFFFFFFFFFFFFF
FFFFFFFFFFFFFFFFFFFFFFFFFFFFFFFFF
FFFFFFFFFFFFFFFFFFFFFFFFFFFFFFFFF
FFFFFFFFFFFFFFFFFFFFFFFFFFFFFFFFF
FFFFFFFFFFFFFFFFFFFFFFFFFFFFFFFFF
FFFFFFFFFFFFFFFFFFFFFFFFFFFFFFFFF
FFFFFFFFFFFFFFFFFFFFFFFFFFFFFFFFF
# Number of players
4
# Starting resources Player Gold Lumber
0 45000 400
1 2000 1500
2 2000 1500
3 2000 1500
4 2000 1500
# Number of assets
8
# Starting assets Type Owner X Y
GoldMine 0 0 0
GoldMine 0 29 0
Peasant 2 3 4
Peasant 1 28 4
Peasant 3 4 27
Peasant 4 26 28
GoldMine 0 29 29
GoldMine 0 0 29
